#
# There is insufficient memory for the Java Runtime Environment to continue.
# Native memory allocation (malloc) failed to allocate 623216 bytes. Error detail: Chunk::new
# Possible reasons:
#   The system is out of physical RAM or swap space
#   This process is running with CompressedOops enabled, and the Java Heap may be blocking the growth of the native heap
# Possible solutions:
#   Reduce memory load on the system
#   Increase physical memory or swap space
#   Check if swap backing store is full
#   Decrease Java heap size (-Xmx/-Xms)
#   Decrease number of Java threads
#   Decrease Java thread stack sizes (-Xss)
#   Set larger code cache with -XX:ReservedCodeCacheSize=
#   JVM is running with Unscaled Compressed Oops mode in which the Java heap is
#     placed in the first 4GB address space. The Java Heap base address is the
#     maximum limit for the native heap growth. Please use -XX:HeapBaseMinAddress
#     to set the Java Heap base and to place the Java Heap above 4GB virtual address.
# This output file may be truncated or incomplete.
#
#  Out of Memory Error (arena.cpp:168), pid=22884, tid=7036
#
# JRE version: OpenJDK Runtime Environment Temurin-21.0.11+10 (21.0.11+10) (build 21.0.11+10-LTS)
# Java VM: OpenJDK 64-Bit Server VM Temurin-21.0.11+10 (21.0.11+10-LTS, mixed mode, sharing, tiered, compressed oops, compressed class ptrs, parallel gc, windows-amd64)
# No core dump will be written. Minidumps are not enabled by default on client versions of Windows
#

---------------  S U M M A R Y ------------

Command Line: --add-modules=ALL-SYSTEM --add-opens=java.base/java.util=ALL-UNNAMED --add-opens=java.base/java.lang=ALL-UNNAMED --add-opens=java.base/sun.nio.fs=ALL-UNNAMED -Declipse.application=org.eclipse.jdt.ls.core.id1 -Dosgi.bundles.defaultStartLevel=4 -Declipse.product=org.eclipse.jdt.ls.core.product -Djava.import.generatesMetadataFilesAtProjectRoot=false -DDetectVMInstallationsJob.disabled=true -Dfile.encoding=utf8 -XX:+UseParallelGC -XX:GCTimeRatio=4 -XX:AdaptiveSizePolicyWeight=90 -Dsun.zip.disableMemoryMapping=true -Xmx2G -Xms100m -Xlog:disable -javaagent:c:\Users\Admin\.antigravity-ide\extensions\redhat.java-1.55.0-win32-x64\lombok\lombok-1.18.39-4050.jar -XX:+HeapDumpOnOutOfMemoryError -XX:HeapDumpPath=c:\Users\Admin\AppData\Roaming\Antigravity IDE\User\workspaceStorage\4a753dd289394536b7dedb2c65885b36\redhat.java -Daether.dependencyCollector.impl=bf c:\Users\Admin\.antigravity-ide\extensions\redhat.java-1.55.0-win32-x64\server\plugins\org.eclipse.equinox.launcher_1.7.200.v20260619-2039.jar -configuration c:\Users\Admin\AppData\Roaming\Antigravity IDE\User\globalStorage\redhat.java\1.55.0\config_win -data c:\Users\Admin\AppData\Roaming\Antigravity IDE\User\workspaceStorage\4a753dd289394536b7dedb2c65885b36\redhat.java\jdt_ws --pipe=\\.\pipe\lsp-5294036ff33cf88321357e2014caf646-sock

Host: Intel(R) Core(TM) i7-8665U CPU @ 1.90GHz, 8 cores, 7G,  Windows 11 , 64 bit Build 26100 (10.0.26100.8972)
Time: Thu Aug 13 22:17:41 2026 India Standard Time elapsed time: 86.532869 seconds (0d 0h 1m 26s)

---------------  T H R E A D  ---------------

Current thread (0x000001704f00cb20):  JavaThread "C2 CompilerThread0" daemon [_thread_in_native, id=7036, stack(0x000000298bb00000,0x000000298bc00000) (1024K)]


Current CompileTask:
C2:86533 17393       4       org.eclipse.jdt.internal.compiler.lookup.LookupEnvironment::getResolvedType (80 bytes)

Stack: [0x000000298bb00000,0x000000298bc00000]
Native frames: (J=compiled Java code, j=interpreted, Vv=VM code, C=native code)
V  [jvm.dll+0x6d7e19]
V  [jvm.dll+0x8b5096]
V  [jvm.dll+0x8b764e]
V  [jvm.dll+0x8b7d33]
V  [jvm.dll+0x284596]
V  [jvm.dll+0xc685d]
V  [jvm.dll+0xc6da1]
V  [jvm.dll+0x2fb4ee]
V  [jvm.dll+0x5fe9a4]
V  [jvm.dll+0x255d67]
V  [jvm.dll+0x24e0f4]
V  [jvm.dll+0x24bbe6]
V  [jvm.dll+0x1cb4ae]
V  [jvm.dll+0x25baad]
V  [jvm.dll+0x25a03a]
V  [jvm.dll+0x3f868e]
V  [jvm.dll+0x85fb0d]
V  [jvm.dll+0x6d664d]
C  [ucrtbase.dll+0x2cd30]
C  [KERNEL32.DLL+0x2ccb7]
C  [ntdll.dll+0xaad6c]


---------------  P R O C E S S  ---------------

Threads class SMR info:
_java_thread_list=0x000001706ed65470, length=63, elements={
0x000001704cc27ee0, 0x000001704efff050, 0x000001704f001e80, 0x000001704f006c20,
0x000001704f008080, 0x000001704f008d40, 0x000001704f0097a0, 0x000001704f00cb20,
0x0000017067303a70, 0x00000170674fdd90, 0x00000170675a4950, 0x0000017067de53e0,
0x0000017067ab2750, 0x0000017067ba5350, 0x0000017067ba59c0, 0x000001706c5cd000,
0x0000017067bbaa90, 0x0000017067c36cc0, 0x000001706c4b1e60, 0x000001706c4b17d0,
0x000001706c4b0420, 0x000001706c4b1140, 0x000001706c4af700, 0x000001706c4b24f0,
0x000001706c4afd90, 0x0000017067dd8450, 0x0000017067ddabb0, 0x0000017067ddb240,
0x0000017067dd8ae0, 0x0000017067ddb8d0, 0x0000017067dda520, 0x0000017067ddbf60,
0x0000017067ddc5f0, 0x0000017067dd9170, 0x0000017067dd9800, 0x0000017067ddcc80,
0x0000017067ddd310, 0x0000017067dd9e90, 0x0000017067ddd9a0, 0x0000017067dde030,
0x0000017067ddfa70, 0x000001706e73f240, 0x000001706e7405f0, 0x000001706e73d170,
0x000001706e73ff60, 0x000001706e73d800, 0x000001706e73de90, 0x000001706e73ebb0,
0x000001706e741310, 0x000001706e740c80, 0x000001706e7419a0, 0x000001706e73e520,
0x000001706e742030, 0x000001706e73f8d0, 0x000001706e7433e0, 0x000001706e743a70,
0x000001706e744100, 0x0000017067ddf3e0, 0x00000170784059e0, 0x0000017078403280,
0x0000017078403910, 0x00000170794d6500, 0x00000170794d3c20
}

Java Threads: ( => current thread )
  0x000001704cc27ee0 JavaThread "main"                              [_thread_blocked, id=20416, stack(0x000000298b100000,0x000000298b200000) (1024K)]
  0x000001704efff050 JavaThread "Reference Handler"          daemon [_thread_blocked, id=30452, stack(0x000000298b500000,0x000000298b600000) (1024K)]
  0x000001704f001e80 JavaThread "Finalizer"                  daemon [_thread_blocked, id=7068, stack(0x000000298b600000,0x000000298b700000) (1024K)]
  0x000001704f006c20 JavaThread "Signal Dispatcher"          daemon [_thread_blocked, id=29952, stack(0x000000298b700000,0x000000298b800000) (1024K)]
  0x000001704f008080 JavaThread "Attach Listener"            daemon [_thread_blocked, id=7128, stack(0x000000298b800000,0x000000298b900000) (1024K)]
  0x000001704f008d40 JavaThread "Service Thread"             daemon [_thread_blocked, id=29396, stack(0x000000298b900000,0x000000298ba00000) (1024K)]
  0x000001704f0097a0 JavaThread "Monitor Deflation Thread"   daemon [_thread_blocked, id=32780, stack(0x000000298ba00000,0x000000298bb00000) (1024K)]
=>0x000001704f00cb20 JavaThread "C2 CompilerThread0"         daemon [_thread_in_native, id=7036, stack(0x000000298bb00000,0x000000298bc00000) (1024K)]
  0x0000017067303a70 JavaThread "C1 CompilerThread0"         daemon [_thread_blocked, id=25188, stack(0x000000298bc00000,0x000000298bd00000) (1024K)]
  0x00000170674fdd90 JavaThread "Common-Cleaner"             daemon [_thread_blocked, id=23396, stack(0x000000298bd00000,0x000000298be00000) (1024K)]
  0x00000170675a4950 JavaThread "Notification Thread"        daemon [_thread_blocked, id=4220, stack(0x000000298be00000,0x000000298bf00000) (1024K)]
  0x0000017067de53e0 JavaThread "Active Thread: Equinox Container: 4d39446e-1bef-441d-9d8e-e4fa4e843a3a"        [_thread_blocked, id=7136, stack(0x000000298bf00000,0x000000298c000000) (1024K)]
  0x0000017067ab2750 JavaThread "Refresh Thread: Equinox Container: 4d39446e-1bef-441d-9d8e-e4fa4e843a3a" daemon [_thread_blocked, id=33592, stack(0x000000298c700000,0x000000298c800000) (1024K)]
  0x0000017067ba5350 JavaThread "Framework Event Dispatcher: Equinox Container: 4d39446e-1bef-441d-9d8e-e4fa4e843a3a" daemon [_thread_blocked, id=7340, stack(0x000000298c800000,0x000000298c900000) (1024K)]
  0x0000017067ba59c0 JavaThread "Start Level: Equinox Container: 4d39446e-1bef-441d-9d8e-e4fa4e843a3a" daemon [_thread_blocked, id=24800, stack(0x000000298c900000,0x000000298ca00000) (1024K)]
  0x000001706c5cd000 JavaThread "Bundle File Closer"         daemon [_thread_blocked, id=1576, stack(0x000000298ca00000,0x000000298cb00000) (1024K)]
  0x0000017067bbaa90 JavaThread "SCR Component Actor"        daemon [_thread_blocked, id=29464, stack(0x000000298cb00000,0x000000298cc00000) (1024K)]
  0x0000017067c36cc0 JavaThread "Worker-JM"                         [_thread_blocked, id=7108, stack(0x000000298cc00000,0x000000298cd00000) (1024K)]
  0x000001706c4b1e60 JavaThread "JNA Cleaner"                daemon [_thread_blocked, id=29648, stack(0x000000298cd00000,0x000000298ce00000) (1024K)]
  0x000001706c4b17d0 JavaThread "Worker-0"                          [_thread_blocked, id=6316, stack(0x000000298ce00000,0x000000298cf00000) (1024K)]
  0x000001706c4b0420 JavaThread "Worker-1"                          [_thread_blocked, id=26892, stack(0x000000298cf00000,0x000000298d000000) (1024K)]
  0x000001706c4b1140 JavaThread "Worker-2: Initialize workspace"        [_thread_blocked, id=33420, stack(0x000000298d000000,0x000000298d100000) (1024K)]
  0x000001706c4af700 JavaThread "Java indexing"              daemon [_thread_blocked, id=23224, stack(0x000000298d100000,0x000000298d200000) (1024K)]
  0x000001706c4b24f0 JavaThread "Worker-3"                          [_thread_blocked, id=22852, stack(0x000000298d200000,0x000000298d300000) (1024K)]
  0x000001706c4afd90 JavaThread "Worker-4: Java indexing... "        [_thread_blocked, id=16424, stack(0x000000298d500000,0x000000298d600000) (1024K)]
  0x0000017067dd8450 JavaThread "Worker-5"                          [_thread_blocked, id=3024, stack(0x000000298d600000,0x000000298d700000) (1024K)]
  0x0000017067ddabb0 JavaThread "Worker-6: Publish Diagnostics"        [_thread_blocked, id=32880, stack(0x000000298d700000,0x000000298d800000) (1024K)]
  0x0000017067ddb240 JavaThread "Thread-1"                   daemon [_thread_in_native, id=13976, stack(0x000000298d800000,0x000000298d900000) (1024K)]
  0x0000017067dd8ae0 JavaThread "Thread-2"                   daemon [_thread_in_native, id=7508, stack(0x000000298d900000,0x000000298da00000) (1024K)]
  0x0000017067ddb8d0 JavaThread "Thread-3"                   daemon [_thread_in_native, id=27768, stack(0x000000298da00000,0x000000298db00000) (1024K)]
  0x0000017067dda520 JavaThread "Thread-4"                   daemon [_thread_in_native, id=31408, stack(0x000000298db00000,0x000000298dc00000) (1024K)]
  0x0000017067ddbf60 JavaThread "Thread-5"                   daemon [_thread_in_native, id=19888, stack(0x000000298dc00000,0x000000298dd00000) (1024K)]
  0x0000017067ddc5f0 JavaThread "Thread-6"                   daemon [_thread_in_native, id=19012, stack(0x000000298dd00000,0x000000298de00000) (1024K)]
  0x0000017067dd9170 JavaThread "Thread-7"                   daemon [_thread_in_native, id=23888, stack(0x000000298de00000,0x000000298df00000) (1024K)]
  0x0000017067dd9800 JavaThread "Thread-8"                   daemon [_thread_in_native, id=29284, stack(0x000000298df00000,0x000000298e000000) (1024K)]
  0x0000017067ddcc80 JavaThread "Thread-9"                   daemon [_thread_in_native, id=24112, stack(0x000000298e000000,0x000000298e100000) (1024K)]
  0x0000017067ddd310 JavaThread "pool-2-thread-1"                   [_thread_blocked, id=18604, stack(0x000000298e100000,0x000000298e200000) (1024K)]
  0x0000017067dd9e90 JavaThread "WorkspaceEventsHandler"            [_thread_blocked, id=25796, stack(0x000000298e300000,0x000000298e400000) (1024K)]
  0x0000017067ddd9a0 JavaThread "pool-1-thread-1"                   [_thread_blocked, id=16928, stack(0x000000298e400000,0x000000298e500000) (1024K)]
  0x0000017067dde030 JavaThread "LocalFile Deleter"          daemon [_thread_blocked, id=18184, stack(0x000000298e600000,0x000000298e700000) (1024K)]
  0x0000017067ddfa70 JavaThread "LocalFile Deleter"          daemon [_thread_blocked, id=30640, stack(0x000000298e700000,0x000000298e800000) (1024K)]
  0x000001706e73f240 JavaThread "LocalFile Deleter"          daemon [_thread_blocked, id=27064, stack(0x000000298e800000,0x000000298e900000) (1024K)]
  0x000001706e7405f0 JavaThread "LocalFile Deleter"          daemon [_thread_blocked, id=13220, stack(0x000000298e900000,0x000000298ea00000) (1024K)]
  0x000001706e73d170 JavaThread "LocalFile Deleter"          daemon [_thread_blocked, id=23104, stack(0x000000298ea00000,0x000000298eb00000) (1024K)]
  0x000001706e73ff60 JavaThread "LocalFile Deleter"          daemon [_thread_blocked, id=28496, stack(0x000000298eb00000,0x000000298ec00000) (1024K)]
  0x000001706e73d800 JavaThread "LocalFile Deleter"          daemon [_thread_blocked, id=10380, stack(0x000000298ec00000,0x000000298ed00000) (1024K)]
  0x000001706e73de90 JavaThread "LocalFile Deleter"          daemon [_thread_blocked, id=13116, stack(0x000000298ed00000,0x000000298ee00000) (1024K)]
  0x000001706e73ebb0 JavaThread "Compiler Source File Reader" daemon [_thread_blocked, id=16920, stack(0x000000298ee00000,0x000000298ef00000) (1024K)]
  0x000001706e741310 JavaThread "Compiler Source File Reader" daemon [_thread_blocked, id=9776, stack(0x000000298ef00000,0x000000298f000000) (1024K)]
  0x000001706e740c80 JavaThread "Compiler Source File Reader" daemon [_thread_blocked, id=32256, stack(0x000000298f000000,0x000000298f100000) (1024K)]
  0x000001706e7419a0 JavaThread "Compiler Source File Reader" daemon [_thread_blocked, id=4328, stack(0x000000298f100000,0x000000298f200000) (1024K)]
  0x000001706e73e520 JavaThread "Compiler Source File Reader" daemon [_thread_blocked, id=28436, stack(0x000000298f200000,0x000000298f300000) (1024K)]
  0x000001706e742030 JavaThread "Compiler Source File Reader" daemon [_thread_blocked, id=332, stack(0x000000298f300000,0x000000298f400000) (1024K)]
  0x000001706e73f8d0 JavaThread "Compiler Processing Task"   daemon [_thread_blocked, id=7436, stack(0x000000298e500000,0x000000298e600000) (1024K)]
  0x000001706e7433e0 JavaThread "Compiler Class File Writer" daemon [_thread_blocked, id=9432, stack(0x000000298f400000,0x000000298f500000) (1024K)]
  0x000001706e743a70 JavaThread "Compiler Class File Writer" daemon [_thread_blocked, id=24496, stack(0x000000298f500000,0x000000298f600000) (1024K)]
  0x000001706e744100 JavaThread "Compiler Class File Writer" daemon [_thread_blocked, id=29272, stack(0x000000298f600000,0x000000298f700000) (1024K)]
  0x0000017067ddf3e0 JavaThread "Compiler Class File Writer" daemon [_thread_blocked, id=16520, stack(0x000000298f700000,0x000000298f800000) (1024K)]
  0x00000170784059e0 JavaThread "Compiler Class File Writer" daemon [_thread_blocked, id=3500, stack(0x000000298f800000,0x000000298f900000) (1024K)]
  0x0000017078403280 JavaThread "Compiler Class File Writer" daemon [_thread_blocked, id=25256, stack(0x000000298f900000,0x000000298fa00000) (1024K)]
  0x0000017078403910 JavaThread "PatternSearchJob-worker-1"  daemon [_thread_blocked, id=33128, stack(0x000000298ae00000,0x000000298af00000) (1024K)]
  0x00000170794d6500 JavaThread "C2 CompilerThread1"         daemon [_thread_blocked, id=28464, stack(0x000000298b000000,0x000000298b100000) (1024K)]
  0x00000170794d3c20 JavaThread "C2 CompilerThread2"         daemon [_thread_blocked, id=13636, stack(0x000000298fa00000,0x000000298fb00000) (1024K)]
Total: 63

Other Threads:
  0x000001704f14eba0 VMThread "VM Thread"                           [id=15608, stack(0x000000298b400000,0x000000298b500000) (1024K)]
  0x000001704ef1ca00 WatcherThread "VM Periodic Task Thread"        [id=28708, stack(0x000000298b300000,0x000000298b400000) (1024K)]
  0x000001704f0a9360 WorkerThread "GC Thread#0"                     [id=8760, stack(0x000000298b200000,0x000000298b300000) (1024K)]
  0x0000017067c578c0 WorkerThread "GC Thread#1"                     [id=14848, stack(0x000000298c000000,0x000000298c100000) (1024K)]
  0x00000170677f6610 WorkerThread "GC Thread#2"                     [id=2164, stack(0x000000298c100000,0x000000298c200000) (1024K)]
  0x00000170677f69c0 WorkerThread "GC Thread#3"                     [id=800, stack(0x000000298c200000,0x000000298c300000) (1024K)]
  0x0000017067a1c630 WorkerThread "GC Thread#4"                     [id=23908, stack(0x000000298c300000,0x000000298c400000) (1024K)]
  0x0000017067a1c9e0 WorkerThread "GC Thread#5"                     [id=7848, stack(0x000000298c400000,0x000000298c500000) (1024K)]
  0x0000017067a1cd90 WorkerThread "GC Thread#6"                     [id=2428, stack(0x000000298c500000,0x000000298c600000) (1024K)]
  0x0000017067d8fdc0 WorkerThread "GC Thread#7"                     [id=8360, stack(0x000000298c600000,0x000000298c700000) (1024K)]
Total: 10

Threads with active compile tasks:
C2 CompilerThread0  88643 17393       4       org.eclipse.jdt.internal.compiler.lookup.LookupEnvironment::getResolvedType (80 bytes)
C1 CompilerThread0  88643 17552       2       org.eclipse.jdt.internal.compiler.parser.Scanner::checkTaskTag (937 bytes)
C2 CompilerThread1  88644 17492       4       org.eclipse.jdt.internal.core.index.DiskIndex::writeCategoryTable (252 bytes)
C2 CompilerThread2  88644 17548       4       org.eclipse.jdt.internal.core.index.DiskIndex::writeStreamChars (220 bytes)
Total: 4

VM state: at safepoint (normal execution)

VM Mutex/Monitor currently owned by a thread:  ([mutex/lock_event])
[0x00007ffa954ef570] Threads_lock - owner thread: 0x000001704f14eba0
[0x00007ffa954ef670] Heap_lock - owner thread: 0x000001706c4af700

Heap address: 0x0000000080000000, size: 2048 MB, Compressed Oops mode: 32-bit

CDS archive(s) mapped at: [0x0000017000000000-0x0000017000ba0000-0x0000017000ba0000), size 12189696, SharedBaseAddress: 0x0000017000000000, ArchiveRelocationMode: 1.
Compressed class space mapped at: 0x0000017001000000-0x0000017041000000, reserved size: 1073741824
Narrow klass base: 0x0000017000000000, Narrow klass shift: 0, Narrow klass range: 0x100000000

GC Precious Log:
 CardTable entry size: 512
 CPUs: 8 total, 8 available
 Memory: 7941M
 Large Page Support: Disabled
 NUMA Support: Disabled
 Compressed Oops: Enabled (32-bit)
 Alignments: Space 512K, Generation 512K, Heap 2M
 Heap Min Capacity: 100M
 Heap Initial Capacity: 100M
 Heap Max Capacity: 2G
 Pre-touch: Disabled
 Parallel Workers: 8

Heap:
 PSYoungGen      total 2048K, used 864K [0x00000000d5580000, 0x00000000d5880000, 0x0000000100000000)
  eden space 1024K, 0% used [0x00000000d5580000,0x00000000d5580000,0x00000000d5680000)
  from space 1024K, 84% used [0x00000000d5780000,0x00000000d5858000,0x00000000d5880000)
  to   space 512K, 0% used [0x00000000d5700000,0x00000000d5700000,0x00000000d5780000)
 ParOldGen       total 521216K, used 415035K [0x0000000080000000, 0x000000009fd00000, 0x00000000d5580000)
  object space 521216K, 79% used [0x0000000080000000,0x000000009954edd8,0x000000009fd00000)
 Metaspace       used 74154K, committed 75712K, reserved 1179648K
  class space    used 7535K, committed 8192K, reserved 1048576K

Card table byte_map: [0x000001704ea30000,0x000001704ee40000] _byte_map_base: 0x000001704e630000

Marking Bits: (ParMarkBitMap*) 0x00007ffa954f4460
 Begin Bits: [0x0000017061540000, 0x0000017063540000)
 End Bits:   [0x0000017063540000, 0x0000017065540000)

Polling page: 0x000001704ce80000

Metaspace:

Usage:
  Non-class:     65.06 MB used.
      Class:      7.36 MB used.
       Both:     72.42 MB used.

Virtual space:
  Non-class space:      128.00 MB reserved,      65.94 MB ( 52%) committed,  2 nodes.
      Class space:        1.00 GB reserved,       8.00 MB ( <1%) committed,  1 nodes.
             Both:        1.12 GB reserved,      73.94 MB (  6%) committed. 

Chunk freelists:
   Non-Class:  13.30 MB
       Class:  7.97 MB
        Both:  21.27 MB

MaxMetaspaceSize: unlimited
CompressedClassSpaceSize: 1.00 GB
Initial GC threshold: 21.00 MB
Current GC threshold: 122.81 MB
CDS: on
 - commit_granule_bytes: 65536.
 - commit_granule_words: 8192.
 - virtual_space_node_default_size: 8388608.
 - enlarge_chunks_in_place: 1.
 - use_allocation_guard: 0.


Internal statistics:

num_allocs_failed_limit: 9.
num_arena_births: 1388.
num_arena_deaths: 16.
num_vsnodes_births: 3.
num_vsnodes_deaths: 0.
num_space_committed: 1183.
num_space_uncommitted: 0.
num_chunks_returned_to_freelist: 25.
num_chunks_taken_from_freelist: 4882.
num_chunk_merges: 8.
num_chunk_splits: 2912.
num_chunks_enlarged: 1537.
num_inconsistent_stats: 0.

CodeHeap 'non-profiled nmethods': size=120000Kb used=9006Kb max_used=9006Kb free=110993Kb
 bounds [0x0000017059d60000, 0x000001705a630000, 0x0000017061290000]
CodeHeap 'profiled nmethods': size=120000Kb used=38593Kb max_used=39238Kb free=81406Kb
 bounds [0x0000017052290000, 0x0000017054930000, 0x00000170597c0000]
CodeHeap 'non-nmethods': size=5760Kb used=1494Kb max_used=1598Kb free=4265Kb
 bounds [0x00000170597c0000, 0x0000017059a30000, 0x0000017059d60000]
CodeCache: size=245760Kb, used=49093Kb, max_used=49842Kb, free=196664Kb
 total_blobs=16643, nmethods=15833, adapters=714, full_count=0
Compilation: enabled, stopped_count=0, restarted_count=0

Compilation events (20 events):
Event: 82.484 Thread 0x0000017067303a70 17538       2       org.eclipse.jdt.internal.compiler.ClassFile$$Lambda/0x000001700171b330::test (12 bytes)
Event: 82.484 Thread 0x0000017067303a70 nmethod 17538 0x0000017052d29490 code [0x0000017052d29620, 0x0000017052d29778]
Event: 82.484 Thread 0x0000017067303a70 17534       2       org.eclipse.jdt.internal.compiler.lookup.ReferenceBinding::sortMethods (10 bytes)
Event: 82.484 Thread 0x0000017067303a70 nmethod 17534 0x0000017052e38c90 code [0x0000017052e38e40, 0x0000017052e38f48]
Event: 82.484 Thread 0x0000017067303a70 17539       2       org.eclipse.jdt.internal.compiler.ClassFile::generateElementValue (815 bytes)
Event: 84.506 Thread 0x0000017067303a70 nmethod 17539 0x0000017052c3da10 code [0x0000017052c3de00, 0x0000017052c3ee20]
Event: 84.512 Thread 0x0000017067303a70 17546       3       org.eclipse.jdt.internal.compiler.lookup.BinaryTypeBinding::getMemberType (170 bytes)
Event: 84.513 Thread 0x0000017067303a70 nmethod 17546 0x00000170522e7490 code [0x00000170522e7740, 0x00000170522e8448]
Event: 84.513 Thread 0x0000017067303a70 17544       3       org.eclipse.jdt.internal.compiler.lookup.BinaryTypeBinding::maybeSortedMemberTypes (55 bytes)
Event: 84.513 Thread 0x0000017067303a70 nmethod 17544 0x0000017052b73790 code [0x0000017052b73960, 0x0000017052b73bf8]
Event: 84.513 Thread 0x0000017067303a70 17545       2       org.eclipse.jdt.internal.compiler.lookup.ReferenceBinding::getRecordComponent (62 bytes)
Event: 84.514 Thread 0x0000017067303a70 nmethod 17545 0x0000017052e0ee10 code [0x0000017052e0f000, 0x0000017052e0f318]
Event: 84.514 Thread 0x0000017067303a70 17543       2       org.eclipse.jdt.internal.compiler.lookup.SourceTypeBinding::syntheticFields (111 bytes)
Event: 84.514 Thread 0x0000017067303a70 nmethod 17543 0x0000017052f9c610 code [0x0000017052f9c840, 0x0000017052f9ce08]
Event: 84.514 Thread 0x0000017067303a70 17541       2       org.eclipse.jdt.internal.compiler.ast.TypeReference$AnnotationCollector::<init> (30 bytes)
Event: 84.515 Thread 0x0000017067303a70 nmethod 17541 0x0000017052e5db10 code [0x0000017052e5dca0, 0x0000017052e5dde8]
Event: 84.515 Thread 0x0000017067303a70 17533       1       org.eclipse.jdt.internal.compiler.ast.TypeReference::isUnionType (2 bytes)
Event: 84.515 Thread 0x0000017067303a70 nmethod 17533 0x000001705a629f10 code [0x000001705a62a0a0, 0x000001705a62a168]
Event: 84.515 Thread 0x0000017067303a70 17537       1       org.eclipse.jdt.internal.compiler.CompilationResult::hasMandatoryErrors (5 bytes)
Event: 84.515 Thread 0x0000017067303a70 nmethod 17537 0x000001705a62a210 code [0x000001705a62a3a0, 0x000001705a62a470]

GC Heap History (20 events):
Event: 82.274 GC heap before
{Heap before GC invocations=983 (full 4):
 PSYoungGen      total 1536K, used 1498K [0x00000000d5580000, 0x00000000d5900000, 0x0000000100000000)
  eden space 1024K, 97% used [0x00000000d5580000,0x00000000d567aaa0,0x00000000d5680000)
  from space 512K, 96% used [0x00000000d5780000,0x00000000d57fc010,0x00000000d5800000)
  to   space 1024K, 0% used [0x00000000d5680000,0x00000000d5680000,0x00000000d5780000)
 ParOldGen       total 521216K, used 409806K [0x0000000080000000, 0x000000009fd00000, 0x00000000d5580000)
  object space 521216K, 78% used [0x0000000080000000,0x0000000099033b98,0x000000009fd00000)
 Metaspace       used 74073K, committed 75584K, reserved 1179648K
  class space    used 7535K, committed 8192K, reserved 1048576K
}
Event: 82.276 GC heap after
{Heap after GC invocations=983 (full 4):
 PSYoungGen      total 2048K, used 288K [0x00000000d5580000, 0x00000000d5800000, 0x0000000100000000)
  eden space 1024K, 0% used [0x00000000d5580000,0x00000000d5580000,0x00000000d5680000)
  from space 1024K, 28% used [0x00000000d5680000,0x00000000d56c8000,0x00000000d5780000)
  to   space 512K, 0% used [0x00000000d5780000,0x00000000d5780000,0x00000000d5800000)
 ParOldGen       total 521216K, used 410006K [0x0000000080000000, 0x000000009fd00000, 0x00000000d5580000)
  object space 521216K, 78% used [0x0000000080000000,0x0000000099065b98,0x000000009fd00000)
 Metaspace       used 74073K, committed 75584K, reserved 1179648K
  class space    used 7535K, committed 8192K, reserved 1048576K
}
Event: 82.298 GC heap before
{Heap before GC invocations=984 (full 4):
 PSYoungGen      total 2048K, used 1312K [0x00000000d5580000, 0x00000000d5800000, 0x0000000100000000)
  eden space 1024K, 100% used [0x00000000d5580000,0x00000000d5680000,0x00000000d5680000)
  from space 1024K, 28% used [0x00000000d5680000,0x00000000d56c8000,0x00000000d5780000)
  to   space 512K, 0% used [0x00000000d5780000,0x00000000d5780000,0x00000000d5800000)
 ParOldGen       total 521216K, used 410006K [0x0000000080000000, 0x000000009fd00000, 0x00000000d5580000)
  object space 521216K, 78% used [0x0000000080000000,0x0000000099065b98,0x000000009fd00000)
 Metaspace       used 74073K, committed 75584K, reserved 1179648K
  class space    used 7535K, committed 8192K, reserved 1048576K
}
Event: 82.303 GC heap after
{Heap after GC invocations=984 (full 4):
 PSYoungGen      total 1536K, used 240K [0x00000000d5580000, 0x00000000d5800000, 0x0000000100000000)
  eden space 1024K, 0% used [0x00000000d5580000,0x00000000d5580000,0x00000000d5680000)
  from space 512K, 46% used [0x00000000d5780000,0x00000000d57bc010,0x00000000d5800000)
  to   space 512K, 0% used [0x00000000d5700000,0x00000000d5700000,0x00000000d5780000)
 ParOldGen       total 521216K, used 410121K [0x0000000080000000, 0x000000009fd00000, 0x00000000d5580000)
  object space 521216K, 78% used [0x0000000080000000,0x0000000099082498,0x000000009fd00000)
 Metaspace       used 74073K, committed 75584K, reserved 1179648K
  class space    used 7535K, committed 8192K, reserved 1048576K
}
Event: 82.324 GC heap before
{Heap before GC invocations=985 (full 4):
 PSYoungGen      total 1536K, used 1264K [0x00000000d5580000, 0x00000000d5800000, 0x0000000100000000)
  eden space 1024K, 100% used [0x00000000d5580000,0x00000000d5680000,0x00000000d5680000)
  from space 512K, 46% used [0x00000000d5780000,0x00000000d57bc010,0x00000000d5800000)
  to   space 512K, 0% used [0x00000000d5700000,0x00000000d5700000,0x00000000d5780000)
 ParOldGen       total 521216K, used 410121K [0x0000000080000000, 0x000000009fd00000, 0x00000000d5580000)
  object space 521216K, 78% used [0x0000000080000000,0x0000000099082498,0x000000009fd00000)
 Metaspace       used 74073K, committed 75584K, reserved 1179648K
  class space    used 7535K, committed 8192K, reserved 1048576K
}
Event: 82.327 GC heap after
{Heap after GC invocations=985 (full 4):
 PSYoungGen      total 1536K, used 480K [0x00000000d5580000, 0x00000000d5880000, 0x0000000100000000)
  eden space 1024K, 0% used [0x00000000d5580000,0x00000000d5580000,0x00000000d5680000)
  from space 512K, 93% used [0x00000000d5700000,0x00000000d5778000,0x00000000d5780000)
  to   space 1024K, 0% used [0x00000000d5780000,0x00000000d5780000,0x00000000d5880000)
 ParOldGen       total 521216K, used 410273K [0x0000000080000000, 0x000000009fd00000, 0x00000000d5580000)
  object space 521216K, 78% used [0x0000000080000000,0x00000000990a85c8,0x000000009fd00000)
 Metaspace       used 74073K, committed 75584K, reserved 1179648K
  class space    used 7535K, committed 8192K, reserved 1048576K
}
Event: 82.374 GC heap before
{Heap before GC invocations=986 (full 4):
 PSYoungGen      total 1536K, used 1504K [0x00000000d5580000, 0x00000000d5880000, 0x0000000100000000)
  eden space 1024K, 100% used [0x00000000d5580000,0x00000000d5680000,0x00000000d5680000)
  from space 512K, 93% used [0x00000000d5700000,0x00000000d5778000,0x00000000d5780000)
  to   space 1024K, 0% used [0x00000000d5780000,0x00000000d5780000,0x00000000d5880000)
 ParOldGen       total 521216K, used 410273K [0x0000000080000000, 0x000000009fd00000, 0x00000000d5580000)
  object space 521216K, 78% used [0x0000000080000000,0x00000000990a85c8,0x000000009fd00000)
 Metaspace       used 74080K, committed 75584K, reserved 1179648K
  class space    used 7535K, committed 8192K, reserved 1048576K
}
Event: 82.378 GC heap after
{Heap after GC invocations=986 (full 4):
 PSYoungGen      total 1536K, used 448K [0x00000000d5580000, 0x00000000d5800000, 0x0000000100000000)
  eden space 1024K, 0% used [0x00000000d5580000,0x00000000d5580000,0x00000000d5680000)
  from space 512K, 87% used [0x00000000d5780000,0x00000000d57f0000,0x00000000d5800000)
  to   space 512K, 0% used [0x00000000d5700000,0x00000000d5700000,0x00000000d5780000)
 ParOldGen       total 521216K, used 410649K [0x0000000080000000, 0x000000009fd00000, 0x00000000d5580000)
  object space 521216K, 78% used [0x0000000080000000,0x00000000991065e8,0x000000009fd00000)
 Metaspace       used 74080K, committed 75584K, reserved 1179648K
  class space    used 7535K, committed 8192K, reserved 1048576K
}
Event: 82.397 GC heap before
{Heap before GC invocations=987 (full 4):
 PSYoungGen      total 1536K, used 1472K [0x00000000d5580000, 0x00000000d5800000, 0x0000000100000000)
  eden space 1024K, 100% used [0x00000000d5580000,0x00000000d5680000,0x00000000d5680000)
  from space 512K, 87% used [0x00000000d5780000,0x00000000d57f0000,0x00000000d5800000)
  to   space 512K, 0% used [0x00000000d5700000,0x00000000d5700000,0x00000000d5780000)
 ParOldGen       total 521216K, used 410649K [0x0000000080000000, 0x000000009fd00000, 0x00000000d5580000)
  object space 521216K, 78% used [0x0000000080000000,0x00000000991065e8,0x000000009fd00000)
 Metaspace       used 74117K, committed 75648K, reserved 1179648K
  class space    used 7535K, committed 8192K, reserved 1048576K
}
Event: 82.399 GC heap after
{Heap after GC invocations=987 (full 4):
 PSYoungGen      total 1536K, used 512K [0x00000000d5580000, 0x00000000d5880000, 0x0000000100000000)
  eden space 1024K, 0% used [0x00000000d5580000,0x00000000d5580000,0x00000000d5680000)
  from space 512K, 100% used [0x00000000d5700000,0x00000000d5780000,0x00000000d5780000)
  to   space 1024K, 0% used [0x00000000d5780000,0x00000000d5780000,0x00000000d5880000)
 ParOldGen       total 521216K, used 411073K [0x0000000080000000, 0x000000009fd00000, 0x00000000d5580000)
  object space 521216K, 78% used [0x0000000080000000,0x00000000991705e8,0x000000009fd00000)
 Metaspace       used 74117K, committed 75648K, reserved 1179648K
  class space    used 7535K, committed 8192K, reserved 1048576K
}
Event: 82.416 GC heap before
{Heap before GC invocations=988 (full 4):
 PSYoungGen      total 1536K, used 1536K [0x00000000d5580000, 0x00000000d5880000, 0x0000000100000000)
  eden space 1024K, 100% used [0x00000000d5580000,0x00000000d5680000,0x00000000d5680000)
  from space 512K, 100% used [0x00000000d5700000,0x00000000d5780000,0x00000000d5780000)
  to   space 1024K, 0% used [0x00000000d5780000,0x00000000d5780000,0x00000000d5880000)
 ParOldGen       total 521216K, used 411073K [0x0000000080000000, 0x000000009fd00000, 0x00000000d5580000)
  object space 521216K, 78% used [0x0000000080000000,0x00000000991705e8,0x000000009fd00000)
 Metaspace       used 74129K, committed 75648K, reserved 1179648K
  class space    used 7535K, committed 8192K, reserved 1048576K
}
Event: 82.419 GC heap after
{Heap after GC invocations=988 (full 4):
 PSYoungGen      total 2048K, used 852K [0x00000000d5580000, 0x00000000d5880000, 0x0000000100000000)
  eden space 1024K, 0% used [0x00000000d5580000,0x00000000d5580000,0x00000000d5680000)
  from space 1024K, 83% used [0x00000000d5780000,0x00000000d5855200,0x00000000d5880000)
  to   space 1024K, 0% used [0x00000000d5680000,0x00000000d5680000,0x00000000d5780000)
 ParOldGen       total 521216K, used 411569K [0x0000000080000000, 0x000000009fd00000, 0x00000000d5580000)
  object space 521216K, 78% used [0x0000000080000000,0x00000000991ec5e8,0x000000009fd00000)
 Metaspace       used 74129K, committed 75648K, reserved 1179648K
  class space    used 7535K, committed 8192K, reserved 1048576K
}
Event: 82.434 GC heap before
{Heap before GC invocations=989 (full 4):
 PSYoungGen      total 2048K, used 1876K [0x00000000d5580000, 0x00000000d5880000, 0x0000000100000000)
  eden space 1024K, 100% used [0x00000000d5580000,0x00000000d5680000,0x00000000d5680000)
  from space 1024K, 83% used [0x00000000d5780000,0x00000000d5855200,0x00000000d5880000)
  to   space 1024K, 0% used [0x00000000d5680000,0x00000000d5680000,0x00000000d5780000)
 ParOldGen       total 521216K, used 411569K [0x0000000080000000, 0x000000009fd00000, 0x00000000d5580000)
  object space 521216K, 78% used [0x0000000080000000,0x00000000991ec5e8,0x000000009fd00000)
 Metaspace       used 74129K, committed 75648K, reserved 1179648K
  class space    used 7535K, committed 8192K, reserved 1048576K
}
Event: 82.437 GC heap after
{Heap after GC invocations=989 (full 4):
 PSYoungGen      total 2048K, used 224K [0x00000000d5580000, 0x00000000d5800000, 0x0000000100000000)
  eden space 1024K, 0% used [0x00000000d5580000,0x00000000d5580000,0x00000000d5680000)
  from space 1024K, 21% used [0x00000000d5680000,0x00000000d56b8000,0x00000000d5780000)
  to   space 512K, 0% used [0x00000000d5780000,0x00000000d5780000,0x00000000d5800000)
 ParOldGen       total 521216K, used 412211K [0x0000000080000000, 0x000000009fd00000, 0x00000000d5580000)
  object space 521216K, 79% used [0x0000000080000000,0x000000009928cf68,0x000000009fd00000)
 Metaspace       used 74129K, committed 75648K, reserved 1179648K
  class space    used 7535K, committed 8192K, reserved 1048576K
}
Event: 82.448 GC heap before
{Heap before GC invocations=990 (full 4):
 PSYoungGen      total 2048K, used 1248K [0x00000000d5580000, 0x00000000d5800000, 0x0000000100000000)
  eden space 1024K, 100% used [0x00000000d5580000,0x00000000d5680000,0x00000000d5680000)
  from space 1024K, 21% used [0x00000000d5680000,0x00000000d56b8000,0x00000000d5780000)
  to   space 512K, 0% used [0x00000000d5780000,0x00000000d5780000,0x00000000d5800000)
 ParOldGen       total 521216K, used 412211K [0x0000000080000000, 0x000000009fd00000, 0x00000000d5580000)
  object space 521216K, 79% used [0x0000000080000000,0x000000009928cf68,0x000000009fd00000)
 Metaspace       used 74129K, committed 75648K, reserved 1179648K
  class space    used 7535K, committed 8192K, reserved 1048576K
}
Event: 82.451 GC heap after
{Heap after GC invocations=990 (full 4):
 PSYoungGen      total 1536K, used 512K [0x00000000d5580000, 0x00000000d5880000, 0x0000000100000000)
  eden space 1024K, 0% used [0x00000000d5580000,0x00000000d5580000,0x00000000d5680000)
  from space 512K, 100% used [0x00000000d5780000,0x00000000d5800000,0x00000000d5800000)
  to   space 1024K, 0% used [0x00000000d5680000,0x00000000d5680000,0x00000000d5780000)
 ParOldGen       total 521216K, used 412353K [0x0000000080000000, 0x000000009fd00000, 0x00000000d5580000)
  object space 521216K, 79% used [0x0000000080000000,0x00000000992b07b8,0x000000009fd00000)
 Metaspace       used 74129K, committed 75648K, reserved 1179648K
  class space    used 7535K, committed 8192K, reserved 1048576K
}
Event: 82.471 GC heap before
{Heap before GC invocations=991 (full 4):
 PSYoungGen      total 1536K, used 1536K [0x00000000d5580000, 0x00000000d5880000, 0x0000000100000000)
  eden space 1024K, 100% used [0x00000000d5580000,0x00000000d5680000,0x00000000d5680000)
  from space 512K, 100% used [0x00000000d5780000,0x00000000d5800000,0x00000000d5800000)
  to   space 1024K, 0% used [0x00000000d5680000,0x00000000d5680000,0x00000000d5780000)
 ParOldGen       total 521216K, used 412353K [0x0000000080000000, 0x000000009fd00000, 0x00000000d5580000)
  object space 521216K, 79% used [0x0000000080000000,0x00000000992b07b8,0x000000009fd00000)
 Metaspace       used 74129K, committed 75648K, reserved 1179648K
  class space    used 7535K, committed 8192K, reserved 1048576K
}
Event: 82.475 GC heap after
{Heap after GC invocations=991 (full 4):
 PSYoungGen      total 2048K, used 480K [0x00000000d5580000, 0x00000000d5800000, 0x0000000100000000)
  eden space 1024K, 0% used [0x00000000d5580000,0x00000000d5580000,0x00000000d5680000)
  from space 1024K, 46% used [0x00000000d5680000,0x00000000d56f8000,0x00000000d5780000)
  to   space 512K, 0% used [0x00000000d5780000,0x00000000d5780000,0x00000000d5800000)
 ParOldGen       total 521216K, used 412761K [0x0000000080000000, 0x000000009fd00000, 0x00000000d5580000)
  object space 521216K, 79% used [0x0000000080000000,0x00000000993167b8,0x000000009fd00000)
 Metaspace       used 74129K, committed 75648K, reserved 1179648K
  class space    used 7535K, committed 8192K, reserved 1048576K
}
Event: 82.485 GC heap before
{Heap before GC invocations=992 (full 4):
 PSYoungGen      total 2048K, used 1504K [0x00000000d5580000, 0x00000000d5800000, 0x0000000100000000)
  eden space 1024K, 100% used [0x00000000d5580000,0x00000000d5680000,0x00000000d5680000)
  from space 1024K, 46% used [0x00000000d5680000,0x00000000d56f8000,0x00000000d5780000)
  to   space 512K, 0% used [0x00000000d5780000,0x00000000d5780000,0x00000000d5800000)
 ParOldGen       total 521216K, used 412761K [0x0000000080000000, 0x000000009fd00000, 0x00000000d5580000)
  object space 521216K, 79% used [0x0000000080000000,0x00000000993167b8,0x000000009fd00000)
 Metaspace       used 74154K, committed 75712K, reserved 1179648K
  class space    used 7535K, committed 8192K, reserved 1048576K
}
Event: 84.505 GC heap after
{Heap after GC invocations=992 (full 4):
 PSYoungGen      total 1536K, used 512K [0x00000000d5580000, 0x00000000d5800000, 0x0000000100000000)
  eden space 1024K, 0% used [0x00000000d5580000,0x00000000d5580000,0x00000000d5680000)
  from space 512K, 100% used [0x00000000d5780000,0x00000000d5800000,0x00000000d5800000)
  to   space 1024K, 0% used [0x00000000d5680000,0x00000000d5680000,0x00000000d5780000)
 ParOldGen       total 521216K, used 413257K [0x0000000080000000, 0x000000009fd00000, 0x00000000d5580000)
  object space 521216K, 79% used [0x0000000080000000,0x00000000993927b8,0x000000009fd00000)
 Metaspace       used 74154K, committed 75712K, reserved 1179648K
  class space    used 7535K, committed 8192K, reserved 1048576K
}

Dll operation events (12 events):
Event: 0.063 Loaded shared library c:\Users\Admin\.antigravity-ide\extensions\redhat.java-1.55.0-win32-x64\jre\21.0.11-win32-x86_64\bin\java.dll
Event: 0.403 Loaded shared library c:\Users\Admin\.antigravity-ide\extensions\redhat.java-1.55.0-win32-x64\jre\21.0.11-win32-x86_64\bin\zip.dll
Event: 0.533 Loaded shared library C:\Users\Admin\.antigravity-ide\extensions\redhat.java-1.55.0-win32-x64\jre\21.0.11-win32-x86_64\bin\instrument.dll
Event: 0.553 Loaded shared library C:\Users\Admin\.antigravity-ide\extensions\redhat.java-1.55.0-win32-x64\jre\21.0.11-win32-x86_64\bin\net.dll
Event: 0.583 Loaded shared library C:\Users\Admin\.antigravity-ide\extensions\redhat.java-1.55.0-win32-x64\jre\21.0.11-win32-x86_64\bin\nio.dll
Event: 0.612 Loaded shared library C:\Users\Admin\.antigravity-ide\extensions\redhat.java-1.55.0-win32-x64\jre\21.0.11-win32-x86_64\bin\zip.dll
Event: 0.694 Loaded shared library C:\Users\Admin\.antigravity-ide\extensions\redhat.java-1.55.0-win32-x64\jre\21.0.11-win32-x86_64\bin\jimage.dll
Event: 1.255 Loaded shared library c:\Users\Admin\.antigravity-ide\extensions\redhat.java-1.55.0-win32-x64\jre\21.0.11-win32-x86_64\bin\verify.dll
Event: 9.428 Loaded shared library C:\Users\Admin\AppData\Roaming\Antigravity IDE\User\globalStorage\redhat.java\1.55.0\config_win\org.eclipse.equinox.launcher\org.eclipse.equinox.launcher.win32.win32.x86_64_1.3.100.v20260613-0559\eclipse_11924.dll
Event: 16.233 Loaded shared library C:\Users\Admin\AppData\Local\Temp\jna-63116079\jna8516630940997339210.dll
Event: 21.494 Loaded shared library C:\Users\Admin\.antigravity-ide\extensions\redhat.java-1.55.0-win32-x64\jre\21.0.11-win32-x86_64\bin\sunmscapi.dll
Event: 21.615 Loaded shared library C:\Users\Admin\.antigravity-ide\extensions\redhat.java-1.55.0-win32-x64\jre\21.0.11-win32-x86_64\bin\extnet.dll

Deoptimization events (20 events):
Event: 82.105 Thread 0x000001706c4af700 DEOPT PACKING pc=0x0000017052653492 sp=0x000000298d1fecd0
Event: 82.105 Thread 0x000001706c4af700 DEOPT UNPACKING pc=0x0000017059814242 sp=0x000000298d1fe138 mode 0
Event: 82.110 Thread 0x000001706c4af700 DEOPT PACKING pc=0x000001705232374e sp=0x000000298d1fed90
Event: 82.110 Thread 0x000001706c4af700 DEOPT UNPACKING pc=0x0000017059814242 sp=0x000000298d1fe290 mode 0
Event: 82.224 Thread 0x0000017067ddabb0 DEOPT PACKING pc=0x00000170543336c2 sp=0x000000298d7fd600
Event: 82.224 Thread 0x0000017067ddabb0 DEOPT UNPACKING pc=0x0000017059814242 sp=0x000000298d7fca20 mode 0
Event: 82.366 Thread 0x000001706c4af700 DEOPT PACKING pc=0x000001705232374e sp=0x000000298d1fed90
Event: 82.366 Thread 0x000001706c4af700 DEOPT UNPACKING pc=0x0000017059814242 sp=0x000000298d1fe290 mode 0
Event: 82.369 Thread 0x000001706c4af700 Uncommon trap: trap_request=0xffffff45 fr.pc=0x000001705a61ba00 relative=0x00000000000025a0
Event: 82.369 Thread 0x000001706c4af700 Uncommon trap: reason=unstable_if action=reinterpret pc=0x000001705a61ba00 method=org.eclipse.jdt.internal.compiler.util.HashtableOfIntValues.put([CI)I @ 104 c2
Event: 82.369 Thread 0x000001706c4af700 DEOPT PACKING pc=0x000001705a61ba00 sp=0x000000298d1fedc0
Event: 82.369 Thread 0x000001706c4af700 DEOPT UNPACKING pc=0x0000017059813aa2 sp=0x000000298d1fed10 mode 2
Event: 82.381 Thread 0x000001706c4af700 Uncommon trap: trap_request=0xffffff45 fr.pc=0x000001705a62212c relative=0x0000000000000e6c
Event: 82.381 Thread 0x000001706c4af700 Uncommon trap: reason=unstable_if action=reinterpret pc=0x000001705a62212c method=org.eclipse.jdt.internal.core.index.DiskIndex.writeStreamChars(Ljava/io/OutputStream;[C)V @ 100 c2
Event: 82.381 Thread 0x000001706c4af700 DEOPT PACKING pc=0x000001705a62212c sp=0x000000298d1fedc0
Event: 82.382 Thread 0x000001706c4af700 DEOPT UNPACKING pc=0x0000017059813aa2 sp=0x000000298d1fed00 mode 2
Event: 82.402 Thread 0x000001706c4af700 Uncommon trap: trap_request=0xffffff45 fr.pc=0x000001705a623d08 relative=0x0000000000000608
Event: 82.402 Thread 0x000001706c4af700 Uncommon trap: reason=unstable_if action=reinterpret pc=0x000001705a623d08 method=org.eclipse.jdt.internal.core.index.DiskIndex.writeStreamChars(Ljava/io/OutputStream;[C)V @ 100 c2
Event: 82.402 Thread 0x000001706c4af700 DEOPT PACKING pc=0x000001705a623d08 sp=0x000000298d1fed70
Event: 82.402 Thread 0x000001706c4af700 DEOPT UNPACKING pc=0x0000017059813aa2 sp=0x000000298d1fecf8 mode 2

Classes loaded (20 events):
Event: 52.496 Loading class java/util/concurrent/Executors$DelegatedScheduledExecutorService
Event: 52.502 Loading class java/util/concurrent/Executors$DelegatedExecutorService
Event: 52.523 Loading class java/util/concurrent/Executors$DelegatedExecutorService done
Event: 52.523 Loading class java/util/concurrent/Executors$DelegatedScheduledExecutorService done
Event: 52.599 Loading class java/util/concurrent/CompletionException
Event: 52.616 Loading class java/util/concurrent/CompletionException done
Event: 52.648 Loading class java/nio/file/FileTreeWalker$1
Event: 52.648 Loading class java/nio/file/FileTreeWalker$1 done
Event: 55.093 Loading class java/util/Collections$SynchronizedRandomAccessList
Event: 55.112 Loading class java/util/Collections$SynchronizedList
Event: 55.129 Loading class java/util/Collections$SynchronizedList done
Event: 55.129 Loading class java/util/Collections$SynchronizedRandomAccessList done
Event: 55.292 Loading class java/util/concurrent/CompletableFuture$Signaller
Event: 55.292 Loading class java/util/concurrent/CompletableFuture$Signaller done
Event: 55.948 Loading class java/nio/charset/CharacterCodingException
Event: 55.949 Loading class java/nio/charset/CharacterCodingException done
Event: 55.949 Loading class java/io/SequenceInputStream
Event: 55.950 Loading class java/io/SequenceInputStream done
Event: 57.733 Loading class java/lang/UnsupportedClassVersionError
Event: 57.733 Loading class java/lang/UnsupportedClassVersionError done

Classes unloaded (8 events):
Event: 18.112 Thread 0x000001704f14eba0 Unloading class 0x00000170011a5000 'java/lang/invoke/LambdaForm$MH+0x00000170011a5000'
Event: 18.112 Thread 0x000001704f14eba0 Unloading class 0x00000170011a4c00 'java/lang/invoke/LambdaForm$MH+0x00000170011a4c00'
Event: 18.112 Thread 0x000001704f14eba0 Unloading class 0x00000170011a4800 'java/lang/invoke/LambdaForm$MH+0x00000170011a4800'
Event: 18.112 Thread 0x000001704f14eba0 Unloading class 0x00000170011a4400 'java/lang/invoke/LambdaForm$MH+0x00000170011a4400'
Event: 18.112 Thread 0x000001704f14eba0 Unloading class 0x00000170011a4000 'java/lang/invoke/LambdaForm$BMH+0x00000170011a4000'
Event: 18.112 Thread 0x000001704f14eba0 Unloading class 0x00000170011a3c00 'java/lang/invoke/LambdaForm$DMH+0x00000170011a3c00'
Event: 18.113 Thread 0x000001704f14eba0 Unloading class 0x00000170011a2800 'java/lang/invoke/LambdaForm$DMH+0x00000170011a2800'
Event: 75.100 Thread 0x000001704f14eba0 Unloading class 0x000001700174c400 'java/lang/invoke/LambdaForm$DMH+0x000001700174c400'

Classes redefined (0 events):
No events

Internal exceptions (20 events):
Event: 81.305 Thread 0x0000017067ddabb0 Exception <a 'java/lang/NullPointerException'{0x00000000d559d2e8}> (0x00000000d559d2e8) 
thrown [s\src\hotspot\share\runtime\sharedRuntime.cpp, line 625]
Event: 81.306 Thread 0x0000017067ddabb0 Exception <a 'java/lang/NullPointerException'{0x00000000d559d7e0}> (0x00000000d559d7e0) 
thrown [s\src\hotspot\share\interpreter\linkResolver.cpp, line 1372]
Event: 81.306 Thread 0x0000017067ddabb0 Implicit null exception at 0x0000017053906321 to 0x000001705390651d
Event: 81.306 Thread 0x0000017067ddabb0 Exception <a 'java/lang/NullPointerException'{0x00000000d559dca8}> (0x00000000d559dca8) 
thrown [s\src\hotspot\share\runtime\sharedRuntime.cpp, line 625]
Event: 81.307 Thread 0x0000017067ddabb0 Exception <a 'java/lang/NullPointerException'{0x00000000d559e1a0}> (0x00000000d559e1a0) 
thrown [s\src\hotspot\share\interpreter\linkResolver.cpp, line 1372]
Event: 81.307 Thread 0x0000017067ddabb0 Implicit null exception at 0x0000017053906321 to 0x000001705390651d
Event: 81.307 Thread 0x0000017067ddabb0 Exception <a 'java/lang/NullPointerException'{0x00000000d55d5010}> (0x00000000d55d5010) 
thrown [s\src\hotspot\share\runtime\sharedRuntime.cpp, line 625]
Event: 81.307 Thread 0x0000017067ddabb0 Implicit null exception at 0x0000017053906321 to 0x000001705390651d
Event: 81.307 Thread 0x0000017067ddabb0 Exception <a 'java/lang/NullPointerException'{0x00000000d55d54d8}> (0x00000000d55d54d8) 
thrown [s\src\hotspot\share\runtime\sharedRuntime.cpp, line 625]
Event: 81.307 Thread 0x0000017067ddabb0 Exception <a 'java/lang/NullPointerException'{0x00000000d55d59d0}> (0x00000000d55d59d0) 
thrown [s\src\hotspot\share\interpreter\linkResolver.cpp, line 1372]
Event: 81.309 Thread 0x0000017067ddabb0 Implicit null exception at 0x0000017053906321 to 0x000001705390651d
Event: 81.309 Thread 0x0000017067ddabb0 Exception <a 'java/lang/NullPointerException'{0x00000000d55d67d8}> (0x00000000d55d67d8) 
thrown [s\src\hotspot\share\runtime\sharedRuntime.cpp, line 625]
Event: 81.309 Thread 0x0000017067ddabb0 Implicit null exception at 0x0000017053906321 to 0x000001705390651d
Event: 81.309 Thread 0x0000017067ddabb0 Exception <a 'java/lang/NullPointerException'{0x00000000d55d6d18}> (0x00000000d55d6d18) 
thrown [s\src\hotspot\share\runtime\sharedRuntime.cpp, line 625]
Event: 81.309 Thread 0x0000017067ddabb0 Implicit null exception at 0x0000017053906321 to 0x000001705390651d
Event: 81.309 Thread 0x0000017067ddabb0 Exception <a 'java/lang/NullPointerException'{0x00000000d55d7450}> (0x00000000d55d7450) 
thrown [s\src\hotspot\share\runtime\sharedRuntime.cpp, line 625]
Event: 81.310 Thread 0x0000017067ddabb0 Implicit null exception at 0x0000017053906321 to 0x000001705390651d
Event: 81.310 Thread 0x0000017067ddabb0 Exception <a 'java/lang/NullPointerException'{0x00000000d55d7be8}> (0x00000000d55d7be8) 
thrown [s\src\hotspot\share\runtime\sharedRuntime.cpp, line 625]
Event: 81.311 Thread 0x0000017067ddabb0 Implicit null exception at 0x0000017053906321 to 0x000001705390651d
Event: 81.311 Thread 0x0000017067ddabb0 Exception <a 'java/lang/NullPointerException'{0x00000000d55f4398}> (0x00000000d55f4398) 
thrown [s\src\hotspot\share\runtime\sharedRuntime.cpp, line 625]

ZGC Phase Switch (0 events):
No events

VM Operations (20 events):
Event: 82.276 Executing safepoint VM operation: ParallelGCFailedAllocation (Allocation Failure) done
Event: 82.298 Executing safepoint VM operation: ParallelGCFailedAllocation (Allocation Failure)
Event: 82.303 Executing safepoint VM operation: ParallelGCFailedAllocation (Allocation Failure) done
Event: 82.324 Executing safepoint VM operation: ParallelGCFailedAllocation (Allocation Failure)
Event: 82.327 Executing safepoint VM operation: ParallelGCFailedAllocation (Allocation Failure) done
Event: 82.374 Executing safepoint VM operation: ParallelGCFailedAllocation (Allocation Failure)
Event: 82.378 Executing safepoint VM operation: ParallelGCFailedAllocation (Allocation Failure) done
Event: 82.397 Executing safepoint VM operation: ParallelGCFailedAllocation (Allocation Failure)
Event: 82.399 Executing safepoint VM operation: ParallelGCFailedAllocation (Allocation Failure) done
Event: 82.416 Executing safepoint VM operation: ParallelGCFailedAllocation (Allocation Failure)
Event: 82.419 Executing safepoint VM operation: ParallelGCFailedAllocation (Allocation Failure) done
Event: 82.434 Executing safepoint VM operation: ParallelGCFailedAllocation (Allocation Failure)
Event: 82.437 Executing safepoint VM operation: ParallelGCFailedAllocation (Allocation Failure) done
Event: 82.448 Executing safepoint VM operation: ParallelGCFailedAllocation (Allocation Failure)
Event: 82.451 Executing safepoint VM operation: ParallelGCFailedAllocation (Allocation Failure) done
Event: 82.471 Executing safepoint VM operation: ParallelGCFailedAllocation (Allocation Failure)
Event: 82.475 Executing safepoint VM operation: ParallelGCFailedAllocation (Allocation Failure) done
Event: 82.485 Executing safepoint VM operation: ParallelGCFailedAllocation (Allocation Failure)
Event: 84.505 Executing safepoint VM operation: ParallelGCFailedAllocation (Allocation Failure) done
Event: 84.519 Executing safepoint VM operation: ParallelGCFailedAllocation (Allocation Failure)

Memory protections (0 events):
No events

Nmethod flushes (20 events):
Event: 75.703 Thread 0x000001704f14eba0 flushing  nmethod 0x00000170530fb310
Event: 75.703 Thread 0x000001704f14eba0 flushing  nmethod 0x00000170530ff190
Event: 75.703 Thread 0x000001704f14eba0 flushing  nmethod 0x00000170530ffe10
Event: 75.703 Thread 0x000001704f14eba0 flushing  nmethod 0x0000017053101a10
Event: 75.703 Thread 0x000001704f14eba0 flushing  nmethod 0x0000017053103910
Event: 75.703 Thread 0x000001704f14eba0 flushing  nmethod 0x0000017053106990
Event: 75.703 Thread 0x000001704f14eba0 flushing osr nmethod 0x000001705310f790
Event: 75.703 Thread 0x000001704f14eba0 flushing  nmethod 0x0000017053114410
Event: 75.703 Thread 0x000001704f14eba0 flushing  nmethod 0x0000017053115410
Event: 75.703 Thread 0x000001704f14eba0 flushing  nmethod 0x0000017053123610
Event: 75.703 Thread 0x000001704f14eba0 flushing  nmethod 0x0000017053124490
Event: 75.703 Thread 0x000001704f14eba0 flushing  nmethod 0x000001705314f310
Event: 75.703 Thread 0x000001704f14eba0 flushing  nmethod 0x000001705314f810
Event: 75.703 Thread 0x000001704f14eba0 flushing  nmethod 0x0000017053157a10
Event: 75.703 Thread 0x000001704f14eba0 flushing  nmethod 0x0000017053197710
Event: 75.703 Thread 0x000001704f14eba0 flushing  nmethod 0x00000170531bb790
Event: 75.703 Thread 0x000001704f14eba0 flushing  nmethod 0x00000170531bce90
Event: 75.703 Thread 0x000001704f14eba0 flushing  nmethod 0x00000170531be110
Event: 75.703 Thread 0x000001704f14eba0 flushing  nmethod 0x00000170531ce290
Event: 75.703 Thread 0x000001704f14eba0 flushing  nmethod 0x00000170531e3b90

Events (20 events):
Event: 46.583 Thread 0x0000017078407420 Thread exited: 0x0000017078407420
Event: 46.583 Thread 0x0000017078403910 Thread exited: 0x0000017078403910
Event: 46.583 Thread 0x0000017078404cc0 Thread exited: 0x0000017078404cc0
Event: 46.587 Thread 0x0000017078404630 Thread exited: 0x0000017078404630
Event: 46.589 Thread 0x0000017078407ab0 Thread exited: 0x0000017078407ab0
Event: 48.172 Thread 0x000001706c4b17d0 Thread added: 0x0000017078403910
Event: 48.172 Thread 0x000001706c4b17d0 Thread added: 0x0000017078407420
Event: 48.173 Thread 0x000001706c4b17d0 Thread added: 0x0000017078407ab0
Event: 48.174 Thread 0x000001706c4b17d0 Thread added: 0x0000017078404630
Event: 48.174 Thread 0x000001706c4b17d0 Thread added: 0x0000017078404cc0
Event: 48.309 Thread 0x0000017078403910 Thread exited: 0x0000017078403910
Event: 48.309 Thread 0x0000017078407ab0 Thread exited: 0x0000017078407ab0
Event: 48.310 Thread 0x0000017078407420 Thread exited: 0x0000017078407420
Event: 48.310 Thread 0x0000017078404630 Thread exited: 0x0000017078404630
Event: 48.310 Thread 0x0000017078404cc0 Thread exited: 0x0000017078404cc0
Event: 52.524 Thread 0x000001706c4b17d0 Thread added: 0x0000017078404cc0
Event: 54.854 Thread 0x0000017078404cc0 Thread exited: 0x0000017078404cc0
Event: 62.061 Thread 0x0000017067ddd9a0 Thread added: 0x0000017078403910
Event: 84.511 Thread 0x0000017067303a70 Thread added: 0x00000170794d6500
Event: 84.512 Thread 0x0000017067303a70 Thread added: 0x00000170794d3c20


Dynamic libraries:
0x00007ff7532b0000 - 0x00007ff7532be000 	c:\Users\Admin\.antigravity-ide\extensions\redhat.java-1.55.0-win32-x64\jre\21.0.11-win32-x86_64\bin\java.exe
0x00007ffb6acc0000 - 0x00007ffb6af26000 	C:\Windows\SYSTEM32\ntdll.dll
0x00007ffb69e10000 - 0x00007ffb69ed9000 	C:\Windows\System32\KERNEL32.DLL
0x00007ffb67f90000 - 0x00007ffb6838f000 	C:\Windows\System32\KERNELBASE.dll
0x00007ffb68580000 - 0x00007ffb686cc000 	C:\Windows\System32\ucrtbase.dll
0x00007ffb30b70000 - 0x00007ffb30b88000 	c:\Users\Admin\.antigravity-ide\extensions\redhat.java-1.55.0-win32-x64\jre\21.0.11-win32-x86_64\bin\jli.dll
0x00007ffb6a5b0000 - 0x00007ffb6a776000 	C:\Windows\System32\USER32.dll
0x00007ffb686e0000 - 0x00007ffb68707000 	C:\Windows\System32\win32u.dll
0x00007ffb6ac50000 - 0x00007ffb6ac7b000 	C:\Windows\System32\GDI32.dll
0x00007ffb68450000 - 0x00007ffb68579000 	C:\Windows\System32\gdi32full.dll
0x00007ffb683a0000 - 0x00007ffb68443000 	C:\Windows\System32\msvcp_win.dll
0x00007ffaf68f0000 - 0x00007ffaf690e000 	c:\Users\Admin\.antigravity-ide\extensions\redhat.java-1.55.0-win32-x64\jre\21.0.11-win32-x86_64\bin\VCRUNTIME140.dll
0x00007ffb4d2b0000 - 0x00007ffb4d541000 	C:\Windows\WinSxS\amd64_microsoft.windows.common-controls_6595b64144ccf1df_6.0.26100.8972_none_3e0da176e32f9d4b\COMCTL32.dll
0x00007ffb68a50000 - 0x00007ffb68af9000 	C:\Windows\System32\msvcrt.dll
0x00007ffb68b00000 - 0x00007ffb68b32000 	C:\Windows\System32\IMM32.DLL
0x00007ffb56a60000 - 0x00007ffb56a6c000 	c:\Users\Admin\.antigravity-ide\extensions\redhat.java-1.55.0-win32-x64\jre\21.0.11-win32-x86_64\bin\vcruntime140_1.dll
0x00007ffa956a0000 - 0x00007ffa9572d000 	c:\Users\Admin\.antigravity-ide\extensions\redhat.java-1.55.0-win32-x64\jre\21.0.11-win32-x86_64\bin\msvcp140.dll
0x00007ffa94830000 - 0x00007ffa955d2000 	c:\Users\Admin\.antigravity-ide\extensions\redhat.java-1.55.0-win32-x64\jre\21.0.11-win32-x86_64\bin\server\jvm.dll
0x00007ffb6a930000 - 0x00007ffb6a9ec000 	C:\Windows\System32\ADVAPI32.dll
0x00007ffb69f00000 - 0x00007ffb69fa9000 	C:\Windows\System32\sechost.dll
0x00007ffb69360000 - 0x00007ffb69478000 	C:\Windows\System32\RPCRT4.dll
0x00007ffb6abc0000 - 0x00007ffb6ac42000 	C:\Windows\System32\WS2_32.dll
0x00007ffb67d30000 - 0x00007ffb67d8e000 	C:\Windows\SYSTEM32\POWRPROF.dll
0x00007ffb58180000 - 0x00007ffb581b6000 	C:\Windows\SYSTEM32\WINMM.dll
0x00007ffb60730000 - 0x00007ffb6073b000 	C:\Windows\SYSTEM32\VERSION.dll
0x00007ffb67d10000 - 0x00007ffb67d25000 	C:\Windows\SYSTEM32\UMPDC.dll
0x00007ffb66b80000 - 0x00007ffb66b9b000 	C:\Windows\SYSTEM32\kernel.appcore.dll
0x00007ffb280a0000 - 0x00007ffb280aa000 	c:\Users\Admin\.antigravity-ide\extensions\redhat.java-1.55.0-win32-x64\jre\21.0.11-win32-x86_64\bin\jimage.dll
0x00007ffb517b0000 - 0x00007ffb519f2000 	C:\Windows\SYSTEM32\DBGHELP.DLL
0x00007ffb6a220000 - 0x00007ffb6a5a5000 	C:\Windows\System32\combase.dll
0x00007ffb695a0000 - 0x00007ffb69679000 	C:\Windows\System32\OLEAUT32.dll
0x00007ffb586c0000 - 0x00007ffb586fb000 	C:\Windows\SYSTEM32\dbgcore.DLL
0x00007ffb67ed0000 - 0x00007ffb67f7c000 	C:\Windows\System32\bcryptPrimitives.dll
0x00007ffb27e90000 - 0x00007ffb27e9f000 	c:\Users\Admin\.antigravity-ide\extensions\redhat.java-1.55.0-win32-x64\jre\21.0.11-win32-x86_64\bin\instrument.dll
0x00007ffa94630000 - 0x00007ffa94650000 	c:\Users\Admin\.antigravity-ide\extensions\redhat.java-1.55.0-win32-x64\jre\21.0.11-win32-x86_64\bin\java.dll
0x00007ffb69680000 - 0x00007ffb69e08000 	C:\Windows\System32\SHELL32.dll
0x00007ffb65960000 - 0x00007ffb661fb000 	C:\Windows\SYSTEM32\windows.storage.dll
0x00007ffb68b40000 - 0x00007ffb68c39000 	C:\Windows\System32\SHCORE.dll
0x00007ffb69fc0000 - 0x00007ffb6a026000 	C:\Windows\System32\shlwapi.dll
0x00007ffb67df0000 - 0x00007ffb67e19000 	C:\Windows\SYSTEM32\profapi.dll
0x00007ffadefc0000 - 0x00007ffadefd8000 	c:\Users\Admin\.antigravity-ide\extensions\redhat.java-1.55.0-win32-x64\jre\21.0.11-win32-x86_64\bin\zip.dll
0x00007ffb26030000 - 0x00007ffb26040000 	C:\Users\Admin\.antigravity-ide\extensions\redhat.java-1.55.0-win32-x64\jre\21.0.11-win32-x86_64\bin\net.dll
0x00007ffb5f990000 - 0x00007ffb5fab7000 	C:\Windows\SYSTEM32\WINHTTP.dll
0x00007ffb67110000 - 0x00007ffb6717c000 	C:\Windows\system32\mswsock.dll
0x00007ffa95680000 - 0x00007ffa95696000 	C:\Users\Admin\.antigravity-ide\extensions\redhat.java-1.55.0-win32-x64\jre\21.0.11-win32-x86_64\bin\nio.dll
0x00007ffb25fd0000 - 0x00007ffb25fe0000 	c:\Users\Admin\.antigravity-ide\extensions\redhat.java-1.55.0-win32-x64\jre\21.0.11-win32-x86_64\bin\verify.dll
0x00007ffa947e0000 - 0x00007ffa94825000 	C:\Users\Admin\AppData\Roaming\Antigravity IDE\User\globalStorage\redhat.java\1.55.0\config_win\org.eclipse.equinox.launcher\org.eclipse.equinox.launcher.win32.win32.x86_64_1.3.100.v20260613-0559\eclipse_11924.dll
0x00007ffb6a030000 - 0x00007ffb6a1c9000 	C:\Windows\System32\ole32.dll
0x00007ffb67530000 - 0x00007ffb6754b000 	C:\Windows\SYSTEM32\CRYPTSP.dll
0x00007ffb66ae0000 - 0x00007ffb66b19000 	C:\Windows\system32\rsaenh.dll
0x00007ffb671c0000 - 0x00007ffb671f2000 	C:\Windows\SYSTEM32\USERENV.dll
0x00007ffb67dc0000 - 0x00007ffb67dea000 	C:\Windows\SYSTEM32\bcrypt.dll
0x00007ffb67370000 - 0x00007ffb6737c000 	C:\Windows\SYSTEM32\CRYPTBASE.dll
0x00007ffb66580000 - 0x00007ffb665b3000 	C:\Windows\SYSTEM32\IPHLPAPI.DLL
0x00007ffb69fb0000 - 0x00007ffb69fba000 	C:\Windows\System32\NSI.dll
0x00007ffb3abd0000 - 0x00007ffb3ac19000 	C:\Users\Admin\AppData\Local\Temp\jna-63116079\jna8516630940997339210.dll
0x00007ffb6a920000 - 0x00007ffb6a928000 	C:\Windows\System32\PSAPI.DLL
0x00007ffb60740000 - 0x00007ffb6075d000 	C:\Windows\SYSTEM32\dhcpcsvc6.DLL
0x00007ffb60350000 - 0x00007ffb60375000 	C:\Windows\SYSTEM32\dhcpcsvc.DLL
0x00007ffb56b20000 - 0x00007ffb56b2e000 	C:\Users\Admin\.antigravity-ide\extensions\redhat.java-1.55.0-win32-x64\jre\21.0.11-win32-x86_64\bin\sunmscapi.dll
0x00007ffb68710000 - 0x00007ffb6888e000 	C:\Windows\System32\CRYPT32.dll
0x00007ffb676a0000 - 0x00007ffb676d0000 	C:\Windows\SYSTEM32\ncrypt.dll
0x00007ffb67650000 - 0x00007ffb6768f000 	C:\Windows\SYSTEM32\NTASN1.dll
0x00007ffb66620000 - 0x00007ffb66778000 	C:\Windows\SYSTEM32\DNSAPI.dll
0x00007ffb66f10000 - 0x00007ffb66f1d000 	C:\Windows\SYSTEM32\DSPARSE.dll
0x00007ffb59ce0000 - 0x00007ffb59ceb000 	C:\Windows\System32\rasadhlp.dll
0x00007ffb5b4c0000 - 0x00007ffb5b546000 	C:\Windows\System32\fwpuclnt.dll
0x00007ffb55d50000 - 0x00007ffb55d59000 	C:\Users\Admin\.antigravity-ide\extensions\redhat.java-1.55.0-win32-x64\jre\21.0.11-win32-x86_64\bin\extnet.dll
0x00007ffb66cb0000 - 0x00007ffb66ce6000 	C:\Windows\SYSTEM32\ntmarta.dll

JVMTI agents:
c:\Users\Admin\.antigravity-ide\extensions\redhat.java-1.55.0-win32-x64\lombok\lombok-1.18.39-4050.jar path:c:\Users\Admin\.antigravity-ide\extensions\redhat.java-1.55.0-win32-x64\jre\21.0.11-win32-x86_64\bin\instrument.dll, loaded, initialized, instrumentlib options:none

dbghelp: loaded successfully - version: 4.0.5 - missing functions: none
symbol engine: initialized successfully - sym options: 0x614 - pdb path: .;c:\Users\Admin\.antigravity-ide\extensions\redhat.java-1.55.0-win32-x64\jre\21.0.11-win32-x86_64\bin;C:\Windows\SYSTEM32;C:\Windows\WinSxS\amd64_microsoft.windows.common-controls_6595b64144ccf1df_6.0.26100.8972_none_3e0da176e32f9d4b;c:\Users\Admin\.antigravity-ide\extensions\redhat.java-1.55.0-win32-x64\jre\21.0.11-win32-x86_64\bin\server;C:\Users\Admin\AppData\Roaming\Antigravity IDE\User\globalStorage\redhat.java\1.55.0\config_win\org.eclipse.equinox.launcher\org.eclipse.equinox.launcher.win32.win32.x86_64_1.3.100.v20260613-0559;C:\Users\Admin\AppData\Local\Temp\jna-63116079

VM Arguments:
jvm_args: --add-modules=ALL-SYSTEM --add-opens=java.base/java.util=ALL-UNNAMED --add-opens=java.base/java.lang=ALL-UNNAMED --add-opens=java.base/sun.nio.fs=ALL-UNNAMED -Declipse.application=org.eclipse.jdt.ls.core.id1 -Dosgi.bundles.defaultStartLevel=4 -Declipse.product=org.eclipse.jdt.ls.core.product -Djava.import.generatesMetadataFilesAtProjectRoot=false -DDetectVMInstallationsJob.disabled=true -Dfile.encoding=utf8 -XX:+UseParallelGC -XX:GCTimeRatio=4 -XX:AdaptiveSizePolicyWeight=90 -Dsun.zip.disableMemoryMapping=true -Xmx2G -Xms100m -Xlog:disable -javaagent:c:\Users\Admin\.antigravity-ide\extensions\redhat.java-1.55.0-win32-x64\lombok\lombok-1.18.39-4050.jar -XX:+HeapDumpOnOutOfMemoryError -XX:HeapDumpPath=c:\Users\Admin\AppData\Roaming\Antigravity IDE\User\workspaceStorage\4a753dd289394536b7dedb2c65885b36\redhat.java -Daether.dependencyCollector.impl=bf 
java_command: c:\Users\Admin\.antigravity-ide\extensions\redhat.java-1.55.0-win32-x64\server\plugins\org.eclipse.equinox.launcher_1.7.200.v20260619-2039.jar -configuration c:\Users\Admin\AppData\Roaming\Antigravity IDE\User\globalStorage\redhat.java\1.55.0\config_win -data c:\Users\Admin\AppData\Roaming\Antigravity IDE\User\workspaceStorage\4a753dd289394536b7dedb2c65885b36\redhat.java\jdt_ws --pipe=\\.\pipe\lsp-5294036ff33cf88321357e2014caf646-sock
java_class_path (initial): c:\Users\Admin\.antigravity-ide\extensions\redhat.java-1.55.0-win32-x64\server\plugins\org.eclipse.equinox.launcher_1.7.200.v20260619-2039.jar
Launcher Type: SUN_STANDARD

[Global flags]
    uintx AdaptiveSizePolicyWeight                 = 90                                        {product} {command line}
     intx CICompilerCount                          = 4                                         {product} {ergonomic}
    uintx GCTimeRatio                              = 4                                         {product} {command line}
     bool HeapDumpOnOutOfMemoryError               = true                                   {manageable} {command line}
    ccstr HeapDumpPath                             = c:\Users\Admin\AppData\Roaming\Antigravity IDE\User\workspaceStorage\4a753dd289394536b7dedb2c65885b36\redhat.java         {manageable} {command line}
   size_t InitialHeapSize                          = 104857600                                 {product} {command line}
   size_t MaxHeapSize                              = 2147483648                                {product} {command line}
   size_t MaxNewSize                               = 715653120                                 {product} {ergonomic}
   size_t MinHeapDeltaBytes                        = 524288                                    {product} {ergonomic}
   size_t MinHeapSize                              = 104857600                                 {product} {command line}
   size_t NewSize                                  = 34603008                                  {product} {ergonomic}
    uintx NonNMethodCodeHeapSize                   = 5839372                                {pd product} {ergonomic}
    uintx NonProfiledCodeHeapSize                  = 122909434                              {pd product} {ergonomic}
   size_t OldSize                                  = 70254592                                  {product} {ergonomic}
    uintx ProfiledCodeHeapSize                     = 122909434                              {pd product} {ergonomic}
    uintx ReservedCodeCacheSize                    = 251658240                              {pd product} {ergonomic}
     bool SegmentedCodeCache                       = true                                      {product} {ergonomic}
   size_t SoftMaxHeapSize                          = 2147483648                             {manageable} {ergonomic}
     bool UseCompressedOops                        = true                           {product lp64_product} {ergonomic}
     bool UseLargePagesIndividualAllocation        = false                                  {pd product} {ergonomic}
     bool UseParallelGC                            = true                                      {product} {command line}

Logging:
Log output configuration:
 #0: stdout all=off uptime,level,tags foldmultilines=false
 #1: stderr all=off uptime,level,tags foldmultilines=false

Release file:
JAVA_VERSION="21.0.11" 
MODULES="java.base java.compiler java.datatransfer java.xml java.prefs java.desktop java.instrument java.logging java.management java.security.sasl java.naming java.rmi java.management.rmi java.net.http java.scripting java.security.jgss java.transaction.xa java.sql java.sql.rowset java.xml.crypto java.se java.smartcardio jdk.accessibility jdk.internal.jvmstat jdk.attach jdk.charsets jdk.internal.opt jdk.zipfs jdk.compiler jdk.crypto.ec jdk.crypto.cryptoki jdk.crypto.mscapi jdk.dynalink jdk.internal.ed jdk.editpad jdk.hotspot.agent jdk.httpserver jdk.internal.le jdk.internal.vm.ci jdk.internal.vm.compiler jdk.internal.vm.compiler.management jdk.jartool jdk.javadoc jdk.jcmd jdk.management jdk.management.agent jdk.jconsole jdk.jdeps jdk.jdwp.agent jdk.jdi jdk.jfr jdk.jshell jdk.jsobject jdk.jstatd jdk.localedata jdk.management.jfr jdk.naming.dns jdk.naming.rmi jdk.net jdk.nio.mapmode jdk.random jdk.sctp jdk.security.auth jdk.security.jgss jdk.unsupported jdk.unsupported.desktop jdk.xml.dom" 

Environment Variables:
JAVA_HOME=C:\Program Files\Java\jdk-17
PATH=C:\Program Files\Common Files\Oracle\Java\javapath;C:\Windows\system32;C:\Windows;C:\Windows\System32\Wbem;C:\Windows\System32\WindowsPowerShell\v1.0\;C:\Windows\System32\OpenSSH\;C:\Program Files\nodejs\;C:\Program Files\Docker\Docker\resources\bin;C:\Program Files\Git\cmd;C:\Program Files\Java\jdk-17\bin;C:\Program Files\GitHub CLI\;C:\Program Files\MySQL\MySQL Shell 8.0\bin\;C:\Users\Admin\AppData\Local\Microsoft\WindowsApps;C:\Users\Admin\AppData\Roaming\npm;C:\Users\Admin\AppData\Local\Programs\Microsoft VS Code\bin;C:\Users\Admin\AppData\Local\Programs\Antigravity\bin;C:\Users\Admin\AppData\Local\Programs\Antigravity IDE\bin;C:\Users\Admin\AppData\Local\Programs\cursor\resources\app\bin;C:\Users\Admin\AppData\Local\Programs\Kiro\bin;C:\Users\Admin\AppData\Local\Programs\Devin\bin
USERNAME=Admin
OS=Windows_NT
PROCESSOR_IDENTIFIER=Intel64 Family 6 Model 142 Stepping 12, GenuineIntel
TMP=C:\Users\Admin\AppData\Local\Temp
TEMP=C:\Users\Admin\AppData\Local\Temp




Periodic native trim disabled

---------------  S Y S T E M  ---------------

OS:
 Windows 11 , 64 bit Build 26100 (10.0.26100.8972)
OS uptime: 4 days 4:36 hours
Hyper-V role detected

CPU: total 8 (initial active 8) (4 cores per cpu, 2 threads per core) family 6 model 142 stepping 12 microcode 0x100, cx8, cmov, fxsr, ht, mmx, 3dnowpref, sse, sse2, sse3, ssse3, sse4.1, sse4.2, popcnt, lzcnt, tsc, tscinvbit, avx, avx2, aes, erms, clmul, bmi1, bmi2, adx, fma, vzeroupper, clflush, clflushopt, hv, rdtscp, f16c
Processor Information for the first 8 processors :
  Max Mhz: 2112, Current Mhz: 804, Mhz Limit: 802

Memory: 4k page, system-wide physical 7941M (905M free)
TotalPageFile size 32517M (AvailPageFile size 4M)
current process WorkingSet (physical memory assigned to process): 614M, peak: 662M
current process commit charge ("private bytes"): 816M, peak: 854M

vm_info: OpenJDK 64-Bit Server VM (21.0.11+10-LTS) for windows-amd64 JRE (21.0.11+10-LTS), built on 2026-04-21T00:00:00Z by "admin" with MS VC++ 17.12 (VS2022)

END.
