#
# There is insufficient memory for the Java Runtime Environment to continue.
# Native memory allocation (malloc) failed to allocate 1442576 bytes. Error detail: Chunk::new
# Possible reasons:
#   The system is out of physical RAM or swap space
#   This process is running with CompressedOops enabled, and the Java Heap may be blocking the growth of the native heap
# Possible solutions:
#   Reduce memory load on the system
#   Increase physical memory or swap space
#   Check if swap backing store is full
#   Decrease Java heap size (-Xmx/-Xms)
#   Decrease number of Java threads
#   Decrease Java thread stack sizes (-Xss)
#   Set larger code cache with -XX:ReservedCodeCacheSize=
#   JVM is running with Unscaled Compressed Oops mode in which the Java heap is
#     placed in the first 4GB address space. The Java Heap base address is the
#     maximum limit for the native heap growth. Please use -XX:HeapBaseMinAddress
#     to set the Java Heap base and to place the Java Heap above 4GB virtual address.
# This output file may be truncated or incomplete.
#
#  Out of Memory Error (arena.cpp:168), pid=21212, tid=24032
#
# JRE version: OpenJDK Runtime Environment Temurin-21.0.11+10 (21.0.11+10) (build 21.0.11+10-LTS)
# Java VM: OpenJDK 64-Bit Server VM Temurin-21.0.11+10 (21.0.11+10-LTS, mixed mode, sharing, tiered, compressed oops, compressed class ptrs, parallel gc, windows-amd64)
# No core dump will be written. Minidumps are not enabled by default on client versions of Windows
#

---------------  S U M M A R Y ------------

Command Line: --add-modules=ALL-SYSTEM --add-opens=java.base/java.util=ALL-UNNAMED --add-opens=java.base/java.lang=ALL-UNNAMED --add-opens=java.base/sun.nio.fs=ALL-UNNAMED -Declipse.application=org.eclipse.jdt.ls.core.id1 -Dosgi.bundles.defaultStartLevel=4 -Declipse.product=org.eclipse.jdt.ls.core.product -Djava.import.generatesMetadataFilesAtProjectRoot=false -DDetectVMInstallationsJob.disabled=true -Dfile.encoding=utf8 -XX:+UseParallelGC -XX:GCTimeRatio=4 -XX:AdaptiveSizePolicyWeight=90 -Dsun.zip.disableMemoryMapping=true -Xmx2G -Xms100m -Xlog:disable -javaagent:c:\Users\Admin\.antigravity-ide\extensions\redhat.java-1.55.0-win32-x64\lombok\lombok-1.18.39-4050.jar -XX:+HeapDumpOnOutOfMemoryError -XX:HeapDumpPath=c:\Users\Admin\AppData\Roaming\Antigravity IDE\User\workspaceStorage\4a753dd289394536b7dedb2c65885b36\redhat.java -Daether.dependencyCollector.impl=bf c:\Users\Admin\.antigravity-ide\extensions\redhat.java-1.55.0-win32-x64\server\plugins\org.eclipse.equinox.launcher_1.7.200.v20260619-2039.jar -configuration c:\Users\Admin\AppData\Roaming\Antigravity IDE\User\globalStorage\redhat.java\1.55.0\config_win -data c:\Users\Admin\AppData\Roaming\Antigravity IDE\User\workspaceStorage\4a753dd289394536b7dedb2c65885b36\redhat.java\jdt_ws --pipe=\\.\pipe\lsp-28bc3ff6caa2d33628532bf6d0e9b476-sock

Host: Intel(R) Core(TM) i7-8665U CPU @ 1.90GHz, 8 cores, 7G,  Windows 11 , 64 bit Build 26100 (10.0.26100.8972)
Time: Thu Aug 13 22:16:06 2026 India Standard Time elapsed time: 296023.360406 seconds (3d 10h 13m 43s)

---------------  T H R E A D  ---------------

Current thread (0x000001cdbfdbaef0):  JavaThread "C2 CompilerThread0" daemon [_thread_in_native, id=24032, stack(0x00000037d5b00000,0x00000037d5c00000) (1024K)]


Current CompileTask:
C2:296023360 37797       4       org.eclipse.jdt.internal.core.JavaModelManager$VariablesAndContainersSaveHelper::saveClasspathEntry (139 bytes)

Stack: [0x00000037d5b00000,0x00000037d5c00000]
Native frames: (J=compiled Java code, j=interpreted, Vv=VM code, C=native code)
V  [jvm.dll+0x6d7e19]
V  [jvm.dll+0x8b5096]
V  [jvm.dll+0x8b764e]
V  [jvm.dll+0x8b7d33]
V  [jvm.dll+0x284596]
V  [jvm.dll+0xc685d]
V  [jvm.dll+0xc6da1]
V  [jvm.dll+0x3bed31]
V  [jvm.dll+0x38b2b2]
V  [jvm.dll+0x38a6fa]
V  [jvm.dll+0x24c700]
V  [jvm.dll+0x24bce0]
V  [jvm.dll+0x1cb4ae]
V  [jvm.dll+0x25baad]
V  [jvm.dll+0x25a03a]
V  [jvm.dll+0x3f868e]
V  [jvm.dll+0x85fb0d]
V  [jvm.dll+0x6d664d]
C  [ucrtbase.dll+0x2cd30]
C  [KERNEL32.DLL+0x2ccb7]
C  [ntdll.dll+0xaad6c]


---------------  P R O C E S S  ---------------

Threads class SMR info:
_java_thread_list=0x000001ce2dc98550, length=52, elements={
0x000001cdbdb37180, 0x000001cdbfefe8d0, 0x000001cdbfdb6390, 0x000001cdbfdb8190,
0x000001cdbfdb8bf0, 0x000001cdbfdb9650, 0x000001cdbfdba0b0, 0x000001cdbfdbaef0,
0x000001cdbfdde030, 0x000001ce192dd7e0, 0x000001ce193f5bc0, 0x000001ce199cbc40,
0x000001ce1990a370, 0x000001ce19b9fb70, 0x000001ce19cf1c10, 0x000001ce1e570030,
0x000001ce19166450, 0x000001ce1e5c2690, 0x000001ce1e5947c0, 0x000001ce1e5954e0,
0x000001ce20dd7a10, 0x000001ce20dd6660, 0x000001ce20dd52b0, 0x000001ce20dd5fd0,
0x000001ce20dd5940, 0x000001ce20dd9450, 0x000001ce20dd9ae0, 0x000001ce20dda170,
0x000001ce20dd80a0, 0x000001ce20dd8730, 0x000001ce20dd6cf0, 0x000001ce20dda800,
0x000001ce1995ee40, 0x000001ce2237b8f0, 0x000001ce22379820, 0x000001ce2237a540,
0x000001ce235c4d40, 0x000001ce235c46b0, 0x000001ce235c5a60, 0x000001ce235c60f0,
0x000001ce235c9570, 0x000001ce235c7b30, 0x000001ce235c74a0, 0x000001ce235c8ee0,
0x000001ce235c8850, 0x000001ce1f68de00, 0x000001ce1995a610, 0x000001ce1995c050,
0x000001ce1995d400, 0x000001ce1995da90, 0x000001ce19957eb0, 0x000001ce19959260
}

Java Threads: ( => current thread )
  0x000001cdbdb37180 JavaThread "main"                              [_thread_blocked, id=19736, stack(0x00000037d5100000,0x00000037d5200000) (1024K)]
  0x000001cdbfefe8d0 JavaThread "Reference Handler"          daemon [_thread_blocked, id=6592, stack(0x00000037d5500000,0x00000037d5600000) (1024K)]
  0x000001cdbfdb6390 JavaThread "Finalizer"                  daemon [_thread_blocked, id=17604, stack(0x00000037d5600000,0x00000037d5700000) (1024K)]
  0x000001cdbfdb8190 JavaThread "Signal Dispatcher"          daemon [_thread_blocked, id=19484, stack(0x00000037d5700000,0x00000037d5800000) (1024K)]
  0x000001cdbfdb8bf0 JavaThread "Attach Listener"            daemon [_thread_blocked, id=20340, stack(0x00000037d5800000,0x00000037d5900000) (1024K)]
  0x000001cdbfdb9650 JavaThread "Service Thread"             daemon [_thread_blocked, id=22452, stack(0x00000037d5900000,0x00000037d5a00000) (1024K)]
  0x000001cdbfdba0b0 JavaThread "Monitor Deflation Thread"   daemon [_thread_blocked, id=2756, stack(0x00000037d5a00000,0x00000037d5b00000) (1024K)]
=>0x000001cdbfdbaef0 JavaThread "C2 CompilerThread0"         daemon [_thread_in_native, id=24032, stack(0x00000037d5b00000,0x00000037d5c00000) (1024K)]
  0x000001cdbfdde030 JavaThread "C1 CompilerThread0"         daemon [_thread_blocked, id=5236, stack(0x00000037d5c00000,0x00000037d5d00000) (1024K)]
  0x000001ce192dd7e0 JavaThread "Common-Cleaner"             daemon [_thread_blocked, id=2896, stack(0x00000037d5d00000,0x00000037d5e00000) (1024K)]
  0x000001ce193f5bc0 JavaThread "Notification Thread"        daemon [_thread_blocked, id=20508, stack(0x00000037d5e00000,0x00000037d5f00000) (1024K)]
  0x000001ce199cbc40 JavaThread "Active Thread: Equinox Container: 2b5e0cbb-1f6d-4f2d-b676-c859f4f9dd5f"        [_thread_blocked, id=20092, stack(0x00000037d6500000,0x00000037d6600000) (1024K)]
  0x000001ce1990a370 JavaThread "Refresh Thread: Equinox Container: 2b5e0cbb-1f6d-4f2d-b676-c859f4f9dd5f" daemon [_thread_blocked, id=21804, stack(0x00000037d6700000,0x00000037d6800000) (1024K)]
  0x000001ce19b9fb70 JavaThread "Framework Event Dispatcher: Equinox Container: 2b5e0cbb-1f6d-4f2d-b676-c859f4f9dd5f" daemon [_thread_blocked, id=3732, stack(0x00000037d6800000,0x00000037d6900000) (1024K)]
  0x000001ce19cf1c10 JavaThread "Start Level: Equinox Container: 2b5e0cbb-1f6d-4f2d-b676-c859f4f9dd5f" daemon [_thread_blocked, id=10580, stack(0x00000037d6900000,0x00000037d6a00000) (1024K)]
  0x000001ce1e570030 JavaThread "Bundle File Closer"         daemon [_thread_blocked, id=5852, stack(0x00000037d6b00000,0x00000037d6c00000) (1024K)]
  0x000001ce19166450 JavaThread "SCR Component Actor"        daemon [_thread_blocked, id=14740, stack(0x00000037d6a00000,0x00000037d6b00000) (1024K)]
  0x000001ce1e5c2690 JavaThread "Worker-JM"                         [_thread_blocked, id=23568, stack(0x00000037d6c00000,0x00000037d6d00000) (1024K)]
  0x000001ce1e5947c0 JavaThread "Java indexing"              daemon [_thread_blocked, id=2688, stack(0x00000037d7200000,0x00000037d7300000) (1024K)]
  0x000001ce1e5954e0 JavaThread "JNA Cleaner"                daemon [_thread_blocked, id=22456, stack(0x00000037d7300000,0x00000037d7400000) (1024K)]
  0x000001ce20dd7a10 JavaThread "Thread-1"                   daemon [_thread_in_native, id=716, stack(0x00000037d7800000,0x00000037d7900000) (1024K)]
  0x000001ce20dd6660 JavaThread "Thread-2"                   daemon [_thread_in_native, id=12120, stack(0x00000037d7900000,0x00000037d7a00000) (1024K)]
  0x000001ce20dd52b0 JavaThread "Thread-3"                   daemon [_thread_in_native, id=23476, stack(0x00000037d7a00000,0x00000037d7b00000) (1024K)]
  0x000001ce20dd5fd0 JavaThread "Thread-4"                   daemon [_thread_in_native, id=10616, stack(0x00000037d7b00000,0x00000037d7c00000) (1024K)]
  0x000001ce20dd5940 JavaThread "Thread-5"                   daemon [_thread_in_native, id=23668, stack(0x00000037d7c00000,0x00000037d7d00000) (1024K)]
  0x000001ce20dd9450 JavaThread "Thread-6"                   daemon [_thread_in_native, id=4656, stack(0x00000037d7d00000,0x00000037d7e00000) (1024K)]
  0x000001ce20dd9ae0 JavaThread "Thread-7"                   daemon [_thread_in_native, id=23944, stack(0x00000037d7e00000,0x00000037d7f00000) (1024K)]
  0x000001ce20dda170 JavaThread "Thread-8"                   daemon [_thread_in_native, id=17668, stack(0x00000037d7f00000,0x00000037d8000000) (1024K)]
  0x000001ce20dd80a0 JavaThread "Thread-9"                   daemon [_thread_in_native, id=22892, stack(0x00000037d8000000,0x00000037d8100000) (1024K)]
  0x000001ce20dd8730 JavaThread "pool-2-thread-1"                   [_thread_blocked, id=20164, stack(0x00000037d8100000,0x00000037d8200000) (1024K)]
  0x000001ce20dd6cf0 JavaThread "WorkspaceEventsHandler"            [_thread_blocked, id=23560, stack(0x00000037d8200000,0x00000037d8300000) (1024K)]
  0x000001ce20dda800 JavaThread "pool-1-thread-1"                   [_thread_blocked, id=21552, stack(0x00000037d8300000,0x00000037d8400000) (1024K)]
  0x000001ce1995ee40 JavaThread "Cleaner-0"                  daemon [_thread_blocked, id=21732, stack(0x00000037d8700000,0x00000037d8800000) (1024K)]
  0x000001ce2237b8f0 JavaThread "PatternSearchJob-worker-37" daemon [_thread_blocked, id=32504, stack(0x00000037d4e00000,0x00000037d4f00000) (1024K)]
  0x000001ce22379820 JavaThread "PatternSearchJob-worker-38" daemon [_thread_blocked, id=28796, stack(0x00000037d5000000,0x00000037d5100000) (1024K)]
  0x000001ce2237a540 JavaThread "PatternSearchJob-worker-39" daemon [_thread_blocked, id=29008, stack(0x00000037d6d00000,0x00000037d6e00000) (1024K)]
  0x000001ce235c4d40 JavaThread "PatternSearchJob-worker-41" daemon [_thread_blocked, id=16948, stack(0x00000037d6f00000,0x00000037d7000000) (1024K)]
  0x000001ce235c46b0 JavaThread "PatternSearchJob-worker-42" daemon [_thread_blocked, id=30236, stack(0x00000037d7000000,0x00000037d7100000) (1024K)]
  0x000001ce235c5a60 JavaThread "PatternSearchJob-worker-43" daemon [_thread_blocked, id=32988, stack(0x00000037d7400000,0x00000037d7500000) (1024K)]
  0x000001ce235c60f0 JavaThread "Compiler Source File Reader" daemon [_thread_blocked, id=23432, stack(0x00000037d7600000,0x00000037d7700000) (1024K)]
  0x000001ce235c9570 JavaThread "Compiler Source File Reader" daemon [_thread_blocked, id=28984, stack(0x00000037d8600000,0x00000037d8700000) (1024K)]
  0x000001ce235c7b30 JavaThread "Compiler Source File Reader" daemon [_thread_blocked, id=31484, stack(0x00000037d8800000,0x00000037d8900000) (1024K)]
  0x000001ce235c74a0 JavaThread "Compiler Source File Reader" daemon [_thread_blocked, id=9452, stack(0x00000037d8900000,0x00000037d8a00000) (1024K)]
  0x000001ce235c8ee0 JavaThread "Compiler Source File Reader" daemon [_thread_blocked, id=13356, stack(0x00000037d8a00000,0x00000037d8b00000) (1024K)]
  0x000001ce235c8850 JavaThread "Compiler Source File Reader" daemon [_thread_blocked, id=25884, stack(0x00000037d8b00000,0x00000037d8c00000) (1024K)]
  0x000001ce1f68de00 JavaThread "ForkJoinPool.commonPool-worker-78" daemon [_thread_blocked, id=13128, stack(0x00000037d7700000,0x00000037d7800000) (1024K)]
  0x000001ce1995a610 JavaThread "PatternSearchJob-worker-44" daemon [_thread_blocked, id=28076, stack(0x00000037d8f00000,0x00000037d9000000) (1024K)]
  0x000001ce1995c050 JavaThread "Worker-84"                         [_thread_blocked, id=33168, stack(0x00000037d8c00000,0x00000037d8d00000) (1024K)]
  0x000001ce1995d400 JavaThread "ForkJoinPool.commonPool-worker-84" daemon [_thread_blocked, id=24676, stack(0x00000037d9000000,0x00000037d9100000) (1024K)]
  0x000001ce1995da90 JavaThread "ForkJoinPool.commonPool-worker-85" daemon [_thread_blocked, id=26984, stack(0x00000037d9100000,0x00000037d9200000) (1024K)]
  0x000001ce19957eb0 JavaThread "Worker-89"                         [_thread_blocked, id=31112, stack(0x00000037d4f00000,0x00000037d5000000) (1024K)]
  0x000001ce19959260 JavaThread "Worker-91"                         [_thread_blocked, id=5256, stack(0x00000037d6e00000,0x00000037d6f00000) (1024K)]
Total: 52

Other Threads:
  0x000001cdbfedfb60 VMThread "VM Thread"                           [id=11860, stack(0x00000037d5400000,0x00000037d5500000) (1024K)]
  0x000001cdbfeabbc0 WatcherThread "VM Periodic Task Thread"        [id=21432, stack(0x00000037d5300000,0x00000037d5400000) (1024K)]
  0x000001cdbfe5a4d0 WorkerThread "GC Thread#0"                     [id=20444, stack(0x00000037d5200000,0x00000037d5300000) (1024K)]
  0x000001ce19689230 WorkerThread "GC Thread#1"                     [id=15116, stack(0x00000037d5f00000,0x00000037d6000000) (1024K)]
  0x000001ce196ac7a0 WorkerThread "GC Thread#2"                     [id=22184, stack(0x00000037d6000000,0x00000037d6100000) (1024K)]
  0x000001ce19abe3e0 WorkerThread "GC Thread#3"                     [id=23236, stack(0x00000037d6100000,0x00000037d6200000) (1024K)]
  0x000001ce19abe790 WorkerThread "GC Thread#4"                     [id=23176, stack(0x00000037d6200000,0x00000037d6300000) (1024K)]
  0x000001ce19737220 WorkerThread "GC Thread#5"                     [id=19784, stack(0x00000037d6300000,0x00000037d6400000) (1024K)]
  0x000001ce197375d0 WorkerThread "GC Thread#6"                     [id=4596, stack(0x00000037d6400000,0x00000037d6500000) (1024K)]
  0x000001ce19a3e880 WorkerThread "GC Thread#7"                     [id=9764, stack(0x00000037d6600000,0x00000037d6700000) (1024K)]
Total: 10

Threads with active compile tasks:
C2 CompilerThread0  296023447 37797       4       org.eclipse.jdt.internal.core.JavaModelManager$VariablesAndContainersSaveHelper::saveClasspathEntry (139 bytes)
Total: 1

VM state: not at safepoint (normal execution)

VM Mutex/Monitor currently owned by a thread: None

Heap address: 0x0000000080000000, size: 2048 MB, Compressed Oops mode: 32-bit

CDS archive(s) mapped at: [0x000001cdd7000000-0x000001cdd7ba0000-0x000001cdd7ba0000), size 12189696, SharedBaseAddress: 0x000001cdd7000000, ArchiveRelocationMode: 1.
Compressed class space mapped at: 0x000001cdd8000000-0x000001ce18000000, reserved size: 1073741824
Narrow klass base: 0x000001cdd7000000, Narrow klass shift: 0, Narrow klass range: 0x100000000

GC Precious Log:
 CardTable entry size: 512
 CPUs: 8 total, 8 available
 Memory: 7941M
 Large Page Support: Disabled
 NUMA Support: Disabled
 Compressed Oops: Enabled (32-bit)
 Alignments: Space 512K, Generation 512K, Heap 2M
 Heap Min Capacity: 100M
 Heap Initial Capacity: 100M
 Heap Max Capacity: 2G
 Pre-touch: Disabled
 Parallel Workers: 8

Heap:
 PSYoungGen      total 5120K, used 1838K [0x00000000d5580000, 0x00000000d5b80000, 0x0000000100000000)
  eden space 4608K, 35% used [0x00000000d5580000,0x00000000d5713ab8,0x00000000d5a00000)
  from space 512K, 43% used [0x00000000d5b00000,0x00000000d5b38000,0x00000000d5b80000)
  to   space 512K, 0% used [0x00000000d5a00000,0x00000000d5a00000,0x00000000d5a80000)
 ParOldGen       total 746496K, used 746085K [0x0000000080000000, 0x00000000ad900000, 0x00000000d5580000)
  object space 746496K, 99% used [0x0000000080000000,0x00000000ad899458,0x00000000ad900000)
 Metaspace       used 99532K, committed 101376K, reserved 1179648K
  class space    used 9766K, committed 10624K, reserved 1048576K

Card table byte_map: [0x000001cdbf7e0000,0x000001cdbfbf0000] _byte_map_base: 0x000001cdbf3e0000

Marking Bits: (ParMarkBitMap*) 0x00007ffa954f4460
 Begin Bits: [0x000001cdd22f0000, 0x000001cdd42f0000)
 End Bits:   [0x000001cdd42f0000, 0x000001cdd62f0000)

Polling page: 0x000001cdbdc40000

Metaspace:

Usage:
  Non-class:     87.66 MB used.
      Class:      9.54 MB used.
       Both:     97.20 MB used.

Virtual space:
  Non-class space:      128.00 MB reserved,      88.62 MB ( 69%) committed,  2 nodes.
      Class space:        1.00 GB reserved,      10.38 MB (  1%) committed,  1 nodes.
             Both:        1.12 GB reserved,      99.00 MB (  9%) committed. 

Chunk freelists:
   Non-Class:  7.36 MB
       Class:  5.59 MB
        Both:  12.95 MB

MaxMetaspaceSize: unlimited
CompressedClassSpaceSize: 1.00 GB
Initial GC threshold: 21.00 MB
Current GC threshold: 164.81 MB
CDS: on
 - commit_granule_bytes: 65536.
 - commit_granule_words: 8192.
 - virtual_space_node_default_size: 8388608.
 - enlarge_chunks_in_place: 1.
 - use_allocation_guard: 0.


Internal statistics:

num_allocs_failed_limit: 9.
num_arena_births: 2718.
num_arena_deaths: 1152.
num_vsnodes_births: 3.
num_vsnodes_deaths: 0.
num_space_committed: 1610.
num_space_uncommitted: 19.
num_chunks_returned_to_freelist: 1631.
num_chunks_taken_from_freelist: 8281.
num_chunk_merges: 391.
num_chunk_splits: 4467.
num_chunks_enlarged: 2486.
num_inconsistent_stats: 0.

CodeHeap 'non-profiled nmethods': size=120000Kb used=24521Kb max_used=28463Kb free=95478Kb
 bounds [0x000001cdcab10000, 0x000001cdcc6e0000, 0x000001cdd2040000]
CodeHeap 'profiled nmethods': size=120000Kb used=25441Kb max_used=54373Kb free=94558Kb
 bounds [0x000001cdc3040000, 0x000001cdc6560000, 0x000001cdca570000]
CodeHeap 'non-nmethods': size=5760Kb used=1541Kb max_used=1658Kb free=4218Kb
 bounds [0x000001cdca570000, 0x000001cdca7e0000, 0x000001cdcab10000]
CodeCache: size=245760Kb, used=51503Kb, max_used=84494Kb, free=194254Kb
 total_blobs=13921, nmethods=13056, adapters=761, full_count=0
Compilation: enabled, stopped_count=0, restarted_count=0

Compilation events (20 events):
Event: 295952.314 Thread 0x000001cdbfdde030 nmethod 37784 0x000001cdc4652e90 code [0x000001cdc4653080, 0x000001cdc4653518]
Event: 295952.314 Thread 0x000001cdbfdde030 37786       3       org.eclipse.jdt.ls.core.internal.handlers.GenerateDelegateMethodsHandler::hasPrimitiveType (32 bytes)
Event: 295952.316 Thread 0x000001cdbfdde030 nmethod 37786 0x000001cdc4652290 code [0x000001cdc46524c0, 0x000001cdc4652bb0]
Event: 295956.001 Thread 0x000001cdbfdbaef0 37788       4       org.eclipse.sisu.inject.RankedSequence::removeThis (44 bytes)
Event: 295956.008 Thread 0x000001cdbfdde030 37789       3       org.apache.maven.project.MavenProject::getModelBuild (30 bytes)
Event: 295956.020 Thread 0x000001cdbfdde030 nmethod 37789 0x000001cdc4651a90 code [0x000001cdc4651c60, 0x000001cdc4652088]
Event: 295956.020 Thread 0x000001cdbfdde030 37790       3       java.text.SimpleDateFormat::<init> (70 bytes)
Event: 295956.026 Thread 0x000001cdbfdde030 nmethod 37790 0x000001cdc5b92d10 code [0x000001cdc5b92f60, 0x000001cdc5b93670]
Event: 295956.030 Thread 0x000001cdbfdbaef0 nmethod 37788 0x000001cdcbb8e190 code [0x000001cdcbb8e360, 0x000001cdcbb8ec80]
Event: 295956.030 Thread 0x000001cdbfdbaef0 37792       4       org.eclipse.aether.repository.RemoteRepository::copy (37 bytes)
Event: 295956.034 Thread 0x000001cdbfdbaef0 nmethod 37792 0x000001cdcaee4710 code [0x000001cdcaee48a0, 0x000001cdcaee4960]
Event: 295956.034 Thread 0x000001cdbfdbaef0 37791       4       sun.nio.fs.WindowsPath::getName (47 bytes)
Event: 295956.049 Thread 0x000001cdbfdbaef0 nmethod 37791 0x000001cdcbf06810 code [0x000001cdcbf06a60, 0x000001cdcbf07570]
Event: 295956.133 Thread 0x000001cdbfdbaef0 37793   !   4       org.eclipse.core.internal.localstore.UnifiedTree::getLocalList (115 bytes)
Event: 295956.245 Thread 0x000001cdbfdbaef0 nmethod 37793 0x000001cdcbfdf190 code [0x000001cdcbfdf600, 0x000001cdcbfe26a0]
Event: 296021.781 Thread 0x000001cdbfdde030 37794   !   3       com.sun.org.apache.xml.internal.serializer.ToStream::flushCharactersBuffer (124 bytes)
Event: 296021.863 Thread 0x000001cdbfdde030 nmethod 37794 0x000001cdc43ab710 code [0x000001cdc43aba40, 0x000001cdc43ad038]
Event: 296021.864 Thread 0x000001cdbfdde030 37795       3       com.sun.org.apache.xml.internal.serializer.ToStream$CharacterBuffer::clear (10 bytes)
Event: 296021.941 Thread 0x000001cdbfdde030 nmethod 37795 0x000001cdc43e6e10 code [0x000001cdc43e6fc0, 0x000001cdc43e7198]
Event: 296021.997 Thread 0x000001cdbfdbaef0 37797       4       org.eclipse.jdt.internal.core.JavaModelManager$VariablesAndContainersSaveHelper::saveClasspathEntry (139 bytes)

GC Heap History (20 events):
Event: 295950.173 GC heap before
{Heap before GC invocations=8834 (full 18):
 PSYoungGen      total 6656K, used 6528K [0x00000000d5580000, 0x00000000d5e80000, 0x0000000100000000)
  eden space 4608K, 100% used [0x00000000d5580000,0x00000000d5a00000,0x00000000d5a00000)
  from space 2048K, 93% used [0x00000000d5c80000,0x00000000d5e60020,0x00000000d5e80000)
  to   space 2048K, 0% used [0x00000000d5a80000,0x00000000d5a80000,0x00000000d5c80000)
 ParOldGen       total 738304K, used 738299K [0x0000000080000000, 0x00000000ad100000, 0x00000000d5580000)
  object space 738304K, 99% used [0x0000000080000000,0x00000000ad0fef88,0x00000000ad100000)
 Metaspace       used 99524K, committed 101376K, reserved 1179648K
  class space    used 9766K, committed 10624K, reserved 1048576K
}
Event: 295950.180 GC heap after
{Heap after GC invocations=8834 (full 18):
 PSYoungGen      total 6144K, used 1350K [0x00000000d5580000, 0x00000000d5e00000, 0x0000000100000000)
  eden space 4608K, 0% used [0x00000000d5580000,0x00000000d5580000,0x00000000d5a00000)
  from space 1536K, 87% used [0x00000000d5a80000,0x00000000d5bd1a90,0x00000000d5c00000)
  to   space 2048K, 0% used [0x00000000d5c00000,0x00000000d5c00000,0x00000000d5e00000)
 ParOldGen       total 740352K, used 740113K [0x0000000080000000, 0x00000000ad300000, 0x00000000d5580000)
  object space 740352K, 99% used [0x0000000080000000,0x00000000ad2c47e8,0x00000000ad300000)
 Metaspace       used 99524K, committed 101376K, reserved 1179648K
  class space    used 9766K, committed 10624K, reserved 1048576K
}
Event: 295950.202 GC heap before
{Heap before GC invocations=8835 (full 18):
 PSYoungGen      total 6144K, used 5923K [0x00000000d5580000, 0x00000000d5e00000, 0x0000000100000000)
  eden space 4608K, 99% used [0x00000000d5580000,0x00000000d59f74a8,0x00000000d5a00000)
  from space 1536K, 87% used [0x00000000d5a80000,0x00000000d5bd1a90,0x00000000d5c00000)
  to   space 2048K, 0% used [0x00000000d5c00000,0x00000000d5c00000,0x00000000d5e00000)
 ParOldGen       total 740352K, used 740113K [0x0000000080000000, 0x00000000ad300000, 0x00000000d5580000)
  object space 740352K, 99% used [0x0000000080000000,0x00000000ad2c47e8,0x00000000ad300000)
 Metaspace       used 99524K, committed 101376K, reserved 1179648K
  class space    used 9766K, committed 10624K, reserved 1048576K
}
Event: 295950.208 GC heap after
{Heap after GC invocations=8835 (full 18):
 PSYoungGen      total 5120K, used 448K [0x00000000d5580000, 0x00000000d5c80000, 0x0000000100000000)
  eden space 4608K, 0% used [0x00000000d5580000,0x00000000d5580000,0x00000000d5a00000)
  from space 512K, 87% used [0x00000000d5c00000,0x00000000d5c70000,0x00000000d5c80000)
  to   space 1024K, 0% used [0x00000000d5a80000,0x00000000d5a80000,0x00000000d5b80000)
 ParOldGen       total 741376K, used 741337K [0x0000000080000000, 0x00000000ad400000, 0x00000000d5580000)
  object space 741376K, 99% used [0x0000000080000000,0x00000000ad3f6618,0x00000000ad400000)
 Metaspace       used 99524K, committed 101376K, reserved 1179648K
  class space    used 9766K, committed 10624K, reserved 1048576K
}
Event: 295950.223 GC heap before
{Heap before GC invocations=8836 (full 18):
 PSYoungGen      total 5120K, used 4988K [0x00000000d5580000, 0x00000000d5c80000, 0x0000000100000000)
  eden space 4608K, 98% used [0x00000000d5580000,0x00000000d59ef220,0x00000000d5a00000)
  from space 512K, 87% used [0x00000000d5c00000,0x00000000d5c70000,0x00000000d5c80000)
  to   space 1024K, 0% used [0x00000000d5a80000,0x00000000d5a80000,0x00000000d5b80000)
 ParOldGen       total 741376K, used 741337K [0x0000000080000000, 0x00000000ad400000, 0x00000000d5580000)
  object space 741376K, 99% used [0x0000000080000000,0x00000000ad3f6618,0x00000000ad400000)
 Metaspace       used 99524K, committed 101376K, reserved 1179648K
  class space    used 9766K, committed 10624K, reserved 1048576K
}
Event: 295950.226 GC heap after
{Heap after GC invocations=8836 (full 18):
 PSYoungGen      total 5632K, used 699K [0x00000000d5580000, 0x00000000d5c80000, 0x0000000100000000)
  eden space 4608K, 0% used [0x00000000d5580000,0x00000000d5580000,0x00000000d5a00000)
  from space 1024K, 68% used [0x00000000d5a80000,0x00000000d5b2ef58,0x00000000d5b80000)
  to   space 1024K, 0% used [0x00000000d5b80000,0x00000000d5b80000,0x00000000d5c80000)
 ParOldGen       total 741888K, used 741721K [0x0000000080000000, 0x00000000ad480000, 0x00000000d5580000)
  object space 741888K, 99% used [0x0000000080000000,0x00000000ad456628,0x00000000ad480000)
 Metaspace       used 99524K, committed 101376K, reserved 1179648K
  class space    used 9766K, committed 10624K, reserved 1048576K
}
Event: 295950.249 GC heap before
{Heap before GC invocations=8837 (full 18):
 PSYoungGen      total 5632K, used 5265K [0x00000000d5580000, 0x00000000d5c80000, 0x0000000100000000)
  eden space 4608K, 99% used [0x00000000d5580000,0x00000000d59f5838,0x00000000d5a00000)
  from space 1024K, 68% used [0x00000000d5a80000,0x00000000d5b2ef58,0x00000000d5b80000)
  to   space 1024K, 0% used [0x00000000d5b80000,0x00000000d5b80000,0x00000000d5c80000)
 ParOldGen       total 741888K, used 741721K [0x0000000080000000, 0x00000000ad480000, 0x00000000d5580000)
  object space 741888K, 99% used [0x0000000080000000,0x00000000ad456628,0x00000000ad480000)
 Metaspace       used 99524K, committed 101376K, reserved 1179648K
  class space    used 9766K, committed 10624K, reserved 1048576K
}
Event: 295950.253 GC heap after
{Heap after GC invocations=8837 (full 18):
 PSYoungGen      total 5632K, used 889K [0x00000000d5580000, 0x00000000d5c80000, 0x0000000100000000)
  eden space 4608K, 0% used [0x00000000d5580000,0x00000000d5580000,0x00000000d5a00000)
  from space 1024K, 86% used [0x00000000d5b80000,0x00000000d5c5e658,0x00000000d5c80000)
  to   space 1024K, 0% used [0x00000000d5a80000,0x00000000d5a80000,0x00000000d5b80000)
 ParOldGen       total 742400K, used 742204K [0x0000000080000000, 0x00000000ad500000, 0x00000000d5580000)
  object space 742400K, 99% used [0x0000000080000000,0x00000000ad4cf040,0x00000000ad500000)
 Metaspace       used 99524K, committed 101376K, reserved 1179648K
  class space    used 9766K, committed 10624K, reserved 1048576K
}
Event: 295950.289 GC heap before
{Heap before GC invocations=8838 (full 18):
 PSYoungGen      total 5632K, used 5387K [0x00000000d5580000, 0x00000000d5c80000, 0x0000000100000000)
  eden space 4608K, 97% used [0x00000000d5580000,0x00000000d59e4600,0x00000000d5a00000)
  from space 1024K, 86% used [0x00000000d5b80000,0x00000000d5c5e658,0x00000000d5c80000)
  to   space 1024K, 0% used [0x00000000d5a80000,0x00000000d5a80000,0x00000000d5b80000)
 ParOldGen       total 742400K, used 742204K [0x0000000080000000, 0x00000000ad500000, 0x00000000d5580000)
  object space 742400K, 99% used [0x0000000080000000,0x00000000ad4cf040,0x00000000ad500000)
 Metaspace       used 99524K, committed 101376K, reserved 1179648K
  class space    used 9766K, committed 10624K, reserved 1048576K
}
Event: 295950.293 GC heap after
{Heap after GC invocations=8838 (full 18):
 PSYoungGen      total 5632K, used 1005K [0x00000000d5580000, 0x00000000d5f00000, 0x0000000100000000)
  eden space 4608K, 0% used [0x00000000d5580000,0x00000000d5580000,0x00000000d5a00000)
  from space 1024K, 98% used [0x00000000d5a80000,0x00000000d5b7b5f0,0x00000000d5b80000)
  to   space 2560K, 0% used [0x00000000d5c80000,0x00000000d5c80000,0x00000000d5f00000)
 ParOldGen       total 743424K, used 743096K [0x0000000080000000, 0x00000000ad600000, 0x00000000d5580000)
  object space 743424K, 99% used [0x0000000080000000,0x00000000ad5ae0d8,0x00000000ad600000)
 Metaspace       used 99524K, committed 101376K, reserved 1179648K
  class space    used 9766K, committed 10624K, reserved 1048576K
}
Event: 295950.323 GC heap before
{Heap before GC invocations=8839 (full 18):
 PSYoungGen      total 5632K, used 5613K [0x00000000d5580000, 0x00000000d5f00000, 0x0000000100000000)
  eden space 4608K, 100% used [0x00000000d5580000,0x00000000d5a00000,0x00000000d5a00000)
  from space 1024K, 98% used [0x00000000d5a80000,0x00000000d5b7b5f0,0x00000000d5b80000)
  to   space 2560K, 0% used [0x00000000d5c80000,0x00000000d5c80000,0x00000000d5f00000)
 ParOldGen       total 743424K, used 743096K [0x0000000080000000, 0x00000000ad600000, 0x00000000d5580000)
  object space 743424K, 99% used [0x0000000080000000,0x00000000ad5ae0d8,0x00000000ad600000)
 Metaspace       used 99524K, committed 101376K, reserved 1179648K
  class space    used 9766K, committed 10624K, reserved 1048576K
}
Event: 295950.329 GC heap after
{Heap after GC invocations=8839 (full 18):
 PSYoungGen      total 7168K, used 2175K [0x00000000d5580000, 0x00000000d5f00000, 0x0000000100000000)
  eden space 4608K, 0% used [0x00000000d5580000,0x00000000d5580000,0x00000000d5a00000)
  from space 2560K, 84% used [0x00000000d5c80000,0x00000000d5e9fe60,0x00000000d5f00000)
  to   space 2560K, 0% used [0x00000000d5a00000,0x00000000d5a00000,0x00000000d5c80000)
 ParOldGen       total 744448K, used 743950K [0x0000000080000000, 0x00000000ad700000, 0x00000000d5580000)
  object space 744448K, 99% used [0x0000000080000000,0x00000000ad683be0,0x00000000ad700000)
 Metaspace       used 99524K, committed 101376K, reserved 1179648K
  class space    used 9766K, committed 10624K, reserved 1048576K
}
Event: 295952.266 GC heap before
{Heap before GC invocations=8840 (full 18):
 PSYoungGen      total 7168K, used 6710K [0x00000000d5580000, 0x00000000d5f00000, 0x0000000100000000)
  eden space 4608K, 98% used [0x00000000d5580000,0x00000000d59edd00,0x00000000d5a00000)
  from space 2560K, 84% used [0x00000000d5c80000,0x00000000d5e9fe60,0x00000000d5f00000)
  to   space 2560K, 0% used [0x00000000d5a00000,0x00000000d5a00000,0x00000000d5c80000)
 ParOldGen       total 744448K, used 743950K [0x0000000080000000, 0x00000000ad700000, 0x00000000d5580000)
  object space 744448K, 99% used [0x0000000080000000,0x00000000ad683be0,0x00000000ad700000)
 Metaspace       used 99524K, committed 101376K, reserved 1179648K
  class space    used 9766K, committed 10624K, reserved 1048576K
}
Event: 295952.270 GC heap after
{Heap after GC invocations=8840 (full 18):
 PSYoungGen      total 5632K, used 808K [0x00000000d5580000, 0x00000000d5d00000, 0x0000000100000000)
  eden space 4608K, 0% used [0x00000000d5580000,0x00000000d5580000,0x00000000d5a00000)
  from space 1024K, 78% used [0x00000000d5a00000,0x00000000d5aca010,0x00000000d5b00000)
  to   space 1536K, 0% used [0x00000000d5b80000,0x00000000d5b80000,0x00000000d5d00000)
 ParOldGen       total 744960K, used 744657K [0x0000000080000000, 0x00000000ad780000, 0x00000000d5580000)
  object space 744960K, 99% used [0x0000000080000000,0x00000000ad734678,0x00000000ad780000)
 Metaspace       used 99524K, committed 101376K, reserved 1179648K
  class space    used 9766K, committed 10624K, reserved 1048576K
}
Event: 295952.292 GC heap before
{Heap before GC invocations=8841 (full 18):
 PSYoungGen      total 5632K, used 5394K [0x00000000d5580000, 0x00000000d5d00000, 0x0000000100000000)
  eden space 4608K, 99% used [0x00000000d5580000,0x00000000d59faa98,0x00000000d5a00000)
  from space 1024K, 78% used [0x00000000d5a00000,0x00000000d5aca010,0x00000000d5b00000)
  to   space 1536K, 0% used [0x00000000d5b80000,0x00000000d5b80000,0x00000000d5d00000)
 ParOldGen       total 744960K, used 744657K [0x0000000080000000, 0x00000000ad780000, 0x00000000d5580000)
  object space 744960K, 99% used [0x0000000080000000,0x00000000ad734678,0x00000000ad780000)
 Metaspace       used 99524K, committed 101376K, reserved 1179648K
  class space    used 9766K, committed 10624K, reserved 1048576K
}
Event: 295952.296 GC heap after
{Heap after GC invocations=8841 (full 18):
 PSYoungGen      total 6144K, used 1399K [0x00000000d5580000, 0x00000000d5d00000, 0x0000000100000000)
  eden space 4608K, 0% used [0x00000000d5580000,0x00000000d5580000,0x00000000d5a00000)
  from space 1536K, 91% used [0x00000000d5b80000,0x00000000d5cdde40,0x00000000d5d00000)
  to   space 1536K, 0% used [0x00000000d5a00000,0x00000000d5a00000,0x00000000d5b80000)
 ParOldGen       total 745472K, used 745194K [0x0000000080000000, 0x00000000ad800000, 0x00000000d5580000)
  object space 745472K, 99% used [0x0000000080000000,0x00000000ad7baa88,0x00000000ad800000)
 Metaspace       used 99524K, committed 101376K, reserved 1179648K
  class space    used 9766K, committed 10624K, reserved 1048576K
}
Event: 295956.014 GC heap before
{Heap before GC invocations=8842 (full 18):
 PSYoungGen      total 6144K, used 6007K [0x00000000d5580000, 0x00000000d5d00000, 0x0000000100000000)
  eden space 4608K, 99% used [0x00000000d5580000,0x00000000d59ffff8,0x00000000d5a00000)
  from space 1536K, 91% used [0x00000000d5b80000,0x00000000d5cdde40,0x00000000d5d00000)
  to   space 1536K, 0% used [0x00000000d5a00000,0x00000000d5a00000,0x00000000d5b80000)
 ParOldGen       total 745472K, used 745194K [0x0000000080000000, 0x00000000ad800000, 0x00000000d5580000)
  object space 745472K, 99% used [0x0000000080000000,0x00000000ad7baa88,0x00000000ad800000)
 Metaspace       used 99524K, committed 101376K, reserved 1179648K
  class space    used 9766K, committed 10624K, reserved 1048576K
}
Event: 295956.018 GC heap after
{Heap after GC invocations=8842 (full 18):
 PSYoungGen      total 5120K, used 320K [0x00000000d5580000, 0x00000000d5c00000, 0x0000000100000000)
  eden space 4608K, 0% used [0x00000000d5580000,0x00000000d5580000,0x00000000d5a00000)
  from space 512K, 62% used [0x00000000d5a00000,0x00000000d5a50000,0x00000000d5a80000)
  to   space 1024K, 0% used [0x00000000d5b00000,0x00000000d5b00000,0x00000000d5c00000)
 ParOldGen       total 745984K, used 745901K [0x0000000080000000, 0x00000000ad880000, 0x00000000d5580000)
  object space 745984K, 99% used [0x0000000080000000,0x00000000ad86b458,0x00000000ad880000)
 Metaspace       used 99524K, committed 101376K, reserved 1179648K
  class space    used 9766K, committed 10624K, reserved 1048576K
}
Event: 295956.150 GC heap before
{Heap before GC invocations=8843 (full 18):
 PSYoungGen      total 5120K, used 4927K [0x00000000d5580000, 0x00000000d5c00000, 0x0000000100000000)
  eden space 4608K, 99% used [0x00000000d5580000,0x00000000d59fffe0,0x00000000d5a00000)
  from space 512K, 62% used [0x00000000d5a00000,0x00000000d5a50000,0x00000000d5a80000)
  to   space 1024K, 0% used [0x00000000d5b00000,0x00000000d5b00000,0x00000000d5c00000)
 ParOldGen       total 745984K, used 745901K [0x0000000080000000, 0x00000000ad880000, 0x00000000d5580000)
  object space 745984K, 99% used [0x0000000080000000,0x00000000ad86b458,0x00000000ad880000)
 Metaspace       used 99525K, committed 101376K, reserved 1179648K
  class space    used 9766K, committed 10624K, reserved 1048576K
}
Event: 295956.154 GC heap after
{Heap after GC invocations=8843 (full 18):
 PSYoungGen      total 5120K, used 224K [0x00000000d5580000, 0x00000000d5b80000, 0x0000000100000000)
  eden space 4608K, 0% used [0x00000000d5580000,0x00000000d5580000,0x00000000d5a00000)
  from space 512K, 43% used [0x00000000d5b00000,0x00000000d5b38000,0x00000000d5b80000)
  to   space 512K, 0% used [0x00000000d5a00000,0x00000000d5a00000,0x00000000d5a80000)
 ParOldGen       total 746496K, used 746085K [0x0000000080000000, 0x00000000ad900000, 0x00000000d5580000)
  object space 746496K, 99% used [0x0000000080000000,0x00000000ad899458,0x00000000ad900000)
 Metaspace       used 99525K, committed 101376K, reserved 1179648K
  class space    used 9766K, committed 10624K, reserved 1048576K
}

Dll operation events (14 events):
Event: 0.030 Loaded shared library c:\Users\Admin\.antigravity-ide\extensions\redhat.java-1.55.0-win32-x64\jre\21.0.11-win32-x86_64\bin\java.dll
Event: 0.188 Loaded shared library c:\Users\Admin\.antigravity-ide\extensions\redhat.java-1.55.0-win32-x64\jre\21.0.11-win32-x86_64\bin\zip.dll
Event: 0.233 Loaded shared library C:\Users\Admin\.antigravity-ide\extensions\redhat.java-1.55.0-win32-x64\jre\21.0.11-win32-x86_64\bin\instrument.dll
Event: 0.246 Loaded shared library C:\Users\Admin\.antigravity-ide\extensions\redhat.java-1.55.0-win32-x64\jre\21.0.11-win32-x86_64\bin\net.dll
Event: 0.251 Loaded shared library C:\Users\Admin\.antigravity-ide\extensions\redhat.java-1.55.0-win32-x64\jre\21.0.11-win32-x86_64\bin\nio.dll
Event: 0.258 Loaded shared library C:\Users\Admin\.antigravity-ide\extensions\redhat.java-1.55.0-win32-x64\jre\21.0.11-win32-x86_64\bin\zip.dll
Event: 0.301 Loaded shared library C:\Users\Admin\.antigravity-ide\extensions\redhat.java-1.55.0-win32-x64\jre\21.0.11-win32-x86_64\bin\jimage.dll
Event: 0.466 Loaded shared library c:\Users\Admin\.antigravity-ide\extensions\redhat.java-1.55.0-win32-x64\jre\21.0.11-win32-x86_64\bin\verify.dll
Event: 3.710 Loaded shared library C:\Users\Admin\AppData\Roaming\Antigravity IDE\User\globalStorage\redhat.java\1.55.0\config_win\org.eclipse.equinox.launcher\org.eclipse.equinox.launcher.win32.win32.x86_64_1.3.100.v20260613-0559\eclipse_11924.dll
Event: 9.095 Loaded shared library C:\Users\Admin\.antigravity-ide\extensions\redhat.java-1.55.0-win32-x64\jre\21.0.11-win32-x86_64\bin\management.dll
Event: 9.104 Loaded shared library C:\Users\Admin\.antigravity-ide\extensions\redhat.java-1.55.0-win32-x64\jre\21.0.11-win32-x86_64\bin\management_ext.dll
Event: 13.050 Loaded shared library C:\Users\Admin\AppData\Local\Temp\jna-63116079\jna17195476659659420882.dll
Event: 14.500 Loaded shared library C:\Users\Admin\.antigravity-ide\extensions\redhat.java-1.55.0-win32-x64\jre\21.0.11-win32-x86_64\bin\sunmscapi.dll
Event: 14.982 Loaded shared library C:\Users\Admin\.antigravity-ide\extensions\redhat.java-1.55.0-win32-x64\jre\21.0.11-win32-x86_64\bin\extnet.dll

Deoptimization events (20 events):
Event: 295944.308 Thread 0x000001ce1995e7b0 DEOPT PACKING pc=0x000001cdcb640b00 sp=0x00000037d8dfe660
Event: 295944.309 Thread 0x000001ce1995e7b0 DEOPT UNPACKING pc=0x000001cdca5c3aa2 sp=0x00000037d8dfe5c8 mode 2
Event: 295948.311 Thread 0x000001ce19959260 DEOPT PACKING pc=0x000001cdc32932f0 sp=0x00000037d6efe830
Event: 295948.311 Thread 0x000001ce19959260 DEOPT UNPACKING pc=0x000001cdca5c4242 sp=0x00000037d6efdc90 mode 0
Event: 295948.785 Thread 0x000001ce1995c6e0 DEOPT PACKING pc=0x000001cdc331c147 sp=0x00000037d71fd9a0
Event: 295948.785 Thread 0x000001ce1995c6e0 DEOPT UNPACKING pc=0x000001cdca5c4242 sp=0x00000037d71fce90 mode 0
Event: 295948.839 Thread 0x000001ce1995c6e0 DEOPT PACKING pc=0x000001cdc41458ac sp=0x00000037d71fe880
Event: 295948.839 Thread 0x000001ce1995c6e0 DEOPT UNPACKING pc=0x000001cdca5c4242 sp=0x00000037d71fdd28 mode 0
Event: 295950.273 Thread 0x000001ce1995c6e0 DEOPT PACKING pc=0x000001cdc3adc57d sp=0x00000037d71fe4f0
Event: 295950.273 Thread 0x000001ce1995c6e0 DEOPT UNPACKING pc=0x000001cdca5c4242 sp=0x00000037d71fd958 mode 0
Event: 295952.256 Thread 0x000001ce1995e7b0 DEOPT PACKING pc=0x000001cdc63cf703 sp=0x00000037d8dfe400
Event: 295952.257 Thread 0x000001ce1995e7b0 DEOPT UNPACKING pc=0x000001cdca5c4242 sp=0x00000037d8dfd910 mode 0
Event: 295952.282 Thread 0x000001ce1995e7b0 Uncommon trap: trap_request=0xffffffc6 fr.pc=0x000001cdcc448c9c relative=0x0000000000000c9c
Event: 295952.282 Thread 0x000001ce1995e7b0 Uncommon trap: reason=bimorphic_or_optimized_type_check action=maybe_recompile pc=0x000001cdcc448c9c method=org.eclipse.jdt.core.dom.ASTConverter.convert(Lorg/eclipse/jdt/internal/compiler/ast/Argument;)Lorg/eclipse/jdt/core/dom/SingleVariableDeclaration;
Event: 295952.282 Thread 0x000001ce1995e7b0 DEOPT PACKING pc=0x000001cdcc448c9c sp=0x00000037d8dfe300
Event: 295952.282 Thread 0x000001ce1995e7b0 DEOPT UNPACKING pc=0x000001cdca5c3aa2 sp=0x00000037d8dfe2a8 mode 2
Event: 295952.303 Thread 0x000001ce1995e7b0 Uncommon trap: trap_request=0xffffffc6 fr.pc=0x000001cdcc448c9c relative=0x0000000000000c9c
Event: 295952.303 Thread 0x000001ce1995e7b0 Uncommon trap: reason=bimorphic_or_optimized_type_check action=maybe_recompile pc=0x000001cdcc448c9c method=org.eclipse.jdt.core.dom.ASTConverter.convert(Lorg/eclipse/jdt/internal/compiler/ast/Argument;)Lorg/eclipse/jdt/core/dom/SingleVariableDeclaration;
Event: 295952.303 Thread 0x000001ce1995e7b0 DEOPT PACKING pc=0x000001cdcc448c9c sp=0x00000037d8dfe0c0
Event: 295952.303 Thread 0x000001ce1995e7b0 DEOPT UNPACKING pc=0x000001cdca5c3aa2 sp=0x00000037d8dfe068 mode 2

Classes loaded (20 events):
Event: 28458.650 Loading class java/util/stream/Nodes$ToArrayTask done
Event: 28458.650 Loading class java/util/stream/Nodes$ToArrayTask$OfRef done
Event: 31348.079 Loading class java/util/zip/CheckedInputStream
Event: 31348.081 Loading class java/util/zip/CheckedInputStream done
Event: 31348.084 Loading class java/util/zip/GZIPInputStream$1
Event: 31348.086 Loading class java/util/zip/GZIPInputStream$1 done
Event: 31348.355 Loading class sun/security/ssl/PreSharedKeyExtension$PskIdentity
Event: 31348.359 Loading class sun/security/ssl/PreSharedKeyExtension$PskIdentity done
Event: 31348.361 Loading class sun/security/ssl/PreSharedKeyExtension$CHPreSharedKeySpec
Event: 31348.364 Loading class sun/security/ssl/PreSharedKeyExtension$CHPreSharedKeySpec done
Event: 31348.365 Loading class sun/security/ssl/PreSharedKeyExtension$PartialClientHelloMessage
Event: 31348.367 Loading class sun/security/ssl/PreSharedKeyExtension$PartialClientHelloMessage done
Event: 31348.478 Loading class sun/security/ssl/PreSharedKeyExtension$SHPreSharedKeySpec
Event: 31348.479 Loading class sun/security/ssl/PreSharedKeyExtension$SHPreSharedKeySpec done
Event: 33644.675 Loading class java/nio/channels/CompletionHandler
Event: 33644.676 Loading class java/nio/channels/CompletionHandler done
Event: 33699.951 Loading class java/util/Collections$EmptyListIterator
Event: 33699.952 Loading class java/util/Collections$EmptyListIterator done
Event: 295545.852 Loading class java/util/DualPivotQuicksort$Sorter
Event: 295545.912 Loading class java/util/DualPivotQuicksort$Sorter done

Classes unloaded (20 events):
Event: 274135.078 Thread 0x000001cdbfedfb60 Unloading class 0x000001cdd8644c00 'jdk/internal/reflect/GeneratedSerializationConstructorAccessor157'
Event: 274135.078 Thread 0x000001cdbfedfb60 Unloading class 0x000001cdd8904000 'jdk/internal/reflect/GeneratedSerializationConstructorAccessor156'
Event: 274135.078 Thread 0x000001cdbfedfb60 Unloading class 0x000001cdd8645c00 'jdk/internal/reflect/GeneratedSerializationConstructorAccessor155'
Event: 274135.078 Thread 0x000001cdbfedfb60 Unloading class 0x000001cdd893d400 'jdk/internal/reflect/GeneratedSerializationConstructorAccessor154'
Event: 274135.078 Thread 0x000001cdbfedfb60 Unloading class 0x000001cdd893b000 'jdk/internal/reflect/GeneratedSerializationConstructorAccessor153'
Event: 274135.079 Thread 0x000001cdbfedfb60 Unloading class 0x000001cdd8938800 'jdk/internal/reflect/GeneratedSerializationConstructorAccessor152'
Event: 274135.079 Thread 0x000001cdbfedfb60 Unloading class 0x000001cdd8938000 'java/lang/invoke/LambdaForm$MH+0x000001cdd8938000'
Event: 274135.079 Thread 0x000001cdbfedfb60 Unloading class 0x000001cdd8649400 'java/lang/invoke/LambdaForm$MH+0x000001cdd8649400'
Event: 274135.079 Thread 0x000001cdbfedfb60 Unloading class 0x000001cdd8645400 'java/lang/invoke/LambdaForm$MH+0x000001cdd8645400'
Event: 274135.079 Thread 0x000001cdbfedfb60 Unloading class 0x000001cdd89e4400 'jdk/internal/reflect/GeneratedSerializationConstructorAccessor151'
Event: 274135.079 Thread 0x000001cdbfedfb60 Unloading class 0x000001cdd8609c00 'jdk/internal/reflect/GeneratedSerializationConstructorAccessor150'
Event: 274135.079 Thread 0x000001cdbfedfb60 Unloading class 0x000001cdd89d6000 'jdk/internal/reflect/GeneratedSerializationConstructorAccessor149'
Event: 274135.079 Thread 0x000001cdbfedfb60 Unloading class 0x000001cdd8000400 'java/lang/invoke/LambdaForm$DMH+0x000001cdd8000400'
Event: 274135.079 Thread 0x000001cdbfedfb60 Unloading class 0x000001cdd8688c00 'java/lang/invoke/LambdaForm$MH+0x000001cdd8688c00'
Event: 274135.079 Thread 0x000001cdbfedfb60 Unloading class 0x000001cdd8904800 'java/lang/invoke/LambdaForm$MH+0x000001cdd8904800'
Event: 274135.079 Thread 0x000001cdbfedfb60 Unloading class 0x000001cdd8910800 'java/lang/invoke/LambdaForm$MH+0x000001cdd8910800'
Event: 274135.079 Thread 0x000001cdbfedfb60 Unloading class 0x000001cdd8a59c00 'java/lang/invoke/LambdaForm$MH+0x000001cdd8a59c00'
Event: 294576.425 Thread 0x000001cdbfedfb60 Unloading class 0x000001cdd8688c00 'java/lang/invoke/LambdaForm$MH+0x000001cdd8688c00'
Event: 294576.425 Thread 0x000001cdbfedfb60 Unloading class 0x000001cdd8688000 'java/lang/invoke/LambdaForm$MH+0x000001cdd8688000'
Event: 294576.425 Thread 0x000001cdbfedfb60 Unloading class 0x000001cdd893d800 'java/lang/invoke/LambdaForm$MH+0x000001cdd893d800'

Classes redefined (0 events):
No events

Internal exceptions (20 events):
Event: 295948.874 Thread 0x000001ce1e5947c0 Implicit null exception at 0x000001cdc6392ea1 to 0x000001cdc639309d
Event: 295948.874 Thread 0x000001ce1e5947c0 Exception <a 'java/lang/NullPointerException'{0x00000000d55b0ff8}> (0x00000000d55b0ff8) 
thrown [s\src\hotspot\share\runtime\sharedRuntime.cpp, line 625]
Event: 295949.925 Thread 0x000001ce1995c6e0 Implicit null exception at 0x000001cdc6392ea1 to 0x000001cdc639309d
Event: 295949.925 Thread 0x000001ce1995c6e0 Exception <a 'java/lang/NullPointerException'{0x00000000d59fec08}> (0x00000000d59fec08) 
thrown [s\src\hotspot\share\runtime\sharedRuntime.cpp, line 625]
Event: 295949.932 Thread 0x000001ce1995c6e0 Implicit null exception at 0x000001cdc6392ea1 to 0x000001cdc639309d
Event: 295949.932 Thread 0x000001ce1995c6e0 Exception <a 'java/lang/NullPointerException'{0x00000000d55845c8}> (0x00000000d55845c8) 
thrown [s\src\hotspot\share\runtime\sharedRuntime.cpp, line 625]
Event: 295949.934 Thread 0x000001ce1995c6e0 Implicit null exception at 0x000001cdc6392ea1 to 0x000001cdc639309d
Event: 295949.934 Thread 0x000001ce1995c6e0 Exception <a 'java/lang/NullPointerException'{0x00000000d55adb88}> (0x00000000d55adb88) 
thrown [s\src\hotspot\share\runtime\sharedRuntime.cpp, line 625]
Event: 295949.934 Thread 0x000001ce1995c6e0 Implicit null exception at 0x000001cdc6392ea1 to 0x000001cdc639309d
Event: 295949.934 Thread 0x000001ce1995c6e0 Exception <a 'java/lang/NullPointerException'{0x00000000d55b9e30}> (0x00000000d55b9e30) 
thrown [s\src\hotspot\share\runtime\sharedRuntime.cpp, line 625]
Event: 295950.097 Thread 0x000001ce1995c6e0 Implicit null exception at 0x000001cdc6392ea1 to 0x000001cdc639309d
Event: 295950.097 Thread 0x000001ce1995c6e0 Exception <a 'java/lang/NullPointerException'{0x00000000d59f5fb8}> (0x00000000d59f5fb8) 
thrown [s\src\hotspot\share\runtime\sharedRuntime.cpp, line 625]
Event: 295950.097 Thread 0x000001ce1995c6e0 Implicit null exception at 0x000001cdc6392ea1 to 0x000001cdc639309d
Event: 295950.097 Thread 0x000001ce1995c6e0 Exception <a 'java/lang/NullPointerException'{0x00000000d59fb6c8}> (0x00000000d59fb6c8) 
thrown [s\src\hotspot\share\runtime\sharedRuntime.cpp, line 625]
Event: 295950.105 Thread 0x000001ce1995c6e0 Implicit null exception at 0x000001cdc6392ea1 to 0x000001cdc639309d
Event: 295950.105 Thread 0x000001ce1995c6e0 Exception <a 'java/lang/NullPointerException'{0x00000000d55a4a58}> (0x00000000d55a4a58) 
thrown [s\src\hotspot\share\runtime\sharedRuntime.cpp, line 625]
Event: 295950.105 Thread 0x000001ce1995c6e0 Implicit null exception at 0x000001cdc6392ea1 to 0x000001cdc639309d
Event: 295950.105 Thread 0x000001ce1995c6e0 Exception <a 'java/lang/NullPointerException'{0x00000000d55b0d28}> (0x00000000d55b0d28) 
thrown [s\src\hotspot\share\runtime\sharedRuntime.cpp, line 625]
Event: 296022.038 Thread 0x000001ce19957eb0 Exception <a 'sun/nio/fs/WindowsException'{0x00000000d5681b80}> (0x00000000d5681b80) 
thrown [s\src\hotspot\share\prims\jni.cpp, line 520]
Event: 296022.045 Thread 0x000001ce19957eb0 Exception <a 'sun/nio/fs/WindowsException'{0x00000000d5682468}> (0x00000000d5682468) 
thrown [s\src\hotspot\share\prims\jni.cpp, line 520]

ZGC Phase Switch (0 events):
No events

VM Operations (20 events):
Event: 295950.223 Executing safepoint VM operation: ParallelGCFailedAllocation (Allocation Failure)
Event: 295950.226 Executing safepoint VM operation: ParallelGCFailedAllocation (Allocation Failure) done
Event: 295950.249 Executing safepoint VM operation: ParallelGCFailedAllocation (Allocation Failure)
Event: 295950.253 Executing safepoint VM operation: ParallelGCFailedAllocation (Allocation Failure) done
Event: 295950.289 Executing safepoint VM operation: ParallelGCFailedAllocation (Allocation Failure)
Event: 295950.293 Executing safepoint VM operation: ParallelGCFailedAllocation (Allocation Failure) done
Event: 295950.323 Executing safepoint VM operation: ParallelGCFailedAllocation (Allocation Failure)
Event: 295950.329 Executing safepoint VM operation: ParallelGCFailedAllocation (Allocation Failure) done
Event: 295952.266 Executing safepoint VM operation: ParallelGCFailedAllocation (Allocation Failure)
Event: 295952.270 Executing safepoint VM operation: ParallelGCFailedAllocation (Allocation Failure) done
Event: 295952.292 Executing safepoint VM operation: ParallelGCFailedAllocation (Allocation Failure)
Event: 295952.296 Executing safepoint VM operation: ParallelGCFailedAllocation (Allocation Failure) done
Event: 295956.013 Executing safepoint VM operation: ParallelGCFailedAllocation (Allocation Failure)
Event: 295956.018 Executing safepoint VM operation: ParallelGCFailedAllocation (Allocation Failure) done
Event: 295956.150 Executing safepoint VM operation: ParallelGCFailedAllocation (Allocation Failure)
Event: 295956.154 Executing safepoint VM operation: ParallelGCFailedAllocation (Allocation Failure) done
Event: 295979.302 Executing non-safepoint VM operation: HandshakeAllThreads (HandshakeForDeflation)
Event: 295979.303 Executing non-safepoint VM operation: HandshakeAllThreads (HandshakeForDeflation) done
Event: 295979.303 Executing non-safepoint VM operation: RendezvousGCThreads
Event: 295979.303 Executing non-safepoint VM operation: RendezvousGCThreads done

Memory protections (0 events):
No events

Nmethod flushes (20 events):
Event: 295838.949 Thread 0x000001cdbfedfb60 flushing  nmethod 0x000001cdc5d20010
Event: 295838.950 Thread 0x000001cdbfedfb60 flushing  nmethod 0x000001cdc5d3b510
Event: 295838.950 Thread 0x000001cdbfedfb60 flushing  nmethod 0x000001cdc5d41b10
Event: 295838.950 Thread 0x000001cdbfedfb60 flushing  nmethod 0x000001cdc5d45710
Event: 295838.950 Thread 0x000001cdbfedfb60 flushing  nmethod 0x000001cdc5da4d10
Event: 295838.951 Thread 0x000001cdbfedfb60 flushing  nmethod 0x000001cdc5da9f10
Event: 295838.951 Thread 0x000001cdbfedfb60 flushing  nmethod 0x000001cdc5e38b10
Event: 295838.951 Thread 0x000001cdbfedfb60 flushing  nmethod 0x000001cdc5e42210
Event: 295838.951 Thread 0x000001cdbfedfb60 flushing  nmethod 0x000001cdc5e96810
Event: 295838.952 Thread 0x000001cdbfedfb60 flushing  nmethod 0x000001cdc5ef9c90
Event: 295838.952 Thread 0x000001cdbfedfb60 flushing  nmethod 0x000001cdc5f71390
Event: 295838.952 Thread 0x000001cdbfedfb60 flushing  nmethod 0x000001cdc6027810
Event: 295838.952 Thread 0x000001cdbfedfb60 flushing  nmethod 0x000001cdc6072310
Event: 295838.952 Thread 0x000001cdbfedfb60 flushing  nmethod 0x000001cdc60c4310
Event: 295838.952 Thread 0x000001cdbfedfb60 flushing  nmethod 0x000001cdc6244e90
Event: 295838.952 Thread 0x000001cdbfedfb60 flushing  nmethod 0x000001cdc62c7e10
Event: 295838.952 Thread 0x000001cdbfedfb60 flushing  nmethod 0x000001cdc6312410
Event: 295838.952 Thread 0x000001cdbfedfb60 flushing  nmethod 0x000001cdc639ff90
Event: 295838.952 Thread 0x000001cdbfedfb60 flushing  nmethod 0x000001cdc63a0490
Event: 295838.953 Thread 0x000001cdbfedfb60 flushing  nmethod 0x000001cdc63c8390

Events (20 events):
Event: 295923.220 Thread 0x000001ce19957eb0 Thread exited: 0x000001ce19957eb0
Event: 295923.223 Thread 0x000001ce19958540 Thread exited: 0x000001ce19958540
Event: 295923.229 Thread 0x000001ce19958bd0 Thread exited: 0x000001ce19958bd0
Event: 295929.576 Thread 0x000001ce19959260 Thread exited: 0x000001ce19959260
Event: 295935.622 Thread 0x000001ce1995c6e0 Thread added: 0x000001ce19957eb0
Event: 295936.105 Thread 0x000001ce1995c050 Thread added: 0x000001ce19959260
Event: 295947.362 Thread 0x000001ce1995c050 Thread added: 0x000001ce19958540
Event: 296008.400 Thread 0x000001ce19959260 Thread exited: 0x000001ce19959260
Event: 296010.366 Thread 0x000001ce1995c6e0 Thread exited: 0x000001ce1995c6e0
Event: 296012.316 Thread 0x000001ce1995e7b0 Thread exited: 0x000001ce1995e7b0
Event: 296015.983 Thread 0x000001ce19958540 Thread exited: 0x000001ce19958540
Event: 296021.824 Thread 0x000001ce19957eb0 Thread added: 0x000001ce19959260
Event: 296021.844 Thread 0x000001ce19959260 Thread exited: 0x000001ce19959260
Event: 296022.074 Thread 0x000001ce19957eb0 Thread added: 0x000001ce19958540
Event: 296022.079 Thread 0x000001ce19958540 Thread added: 0x000001ce19958bd0
Event: 296022.081 Thread 0x000001ce19958540 Thread added: 0x000001ce1995c6e0
Event: 296022.082 Thread 0x000001ce1995c6e0 Thread exited: 0x000001ce1995c6e0
Event: 296022.085 Thread 0x000001ce19958bd0 Thread exited: 0x000001ce19958bd0
Event: 296022.085 Thread 0x000001ce19958540 Thread exited: 0x000001ce19958540
Event: 296023.349 Thread 0x000001ce19957eb0 Thread added: 0x000001ce19959260


Dynamic libraries:
0x00007ff7532b0000 - 0x00007ff7532be000 	c:\Users\Admin\.antigravity-ide\extensions\redhat.java-1.55.0-win32-x64\jre\21.0.11-win32-x86_64\bin\java.exe
0x00007ffb6acc0000 - 0x00007ffb6af26000 	C:\Windows\SYSTEM32\ntdll.dll
0x00007ffb69e10000 - 0x00007ffb69ed9000 	C:\Windows\System32\KERNEL32.DLL
0x00007ffb67f90000 - 0x00007ffb6838f000 	C:\Windows\System32\KERNELBASE.dll
0x00007ffb68580000 - 0x00007ffb686cc000 	C:\Windows\System32\ucrtbase.dll
0x00007ffb30b70000 - 0x00007ffb30b88000 	c:\Users\Admin\.antigravity-ide\extensions\redhat.java-1.55.0-win32-x64\jre\21.0.11-win32-x86_64\bin\jli.dll
0x00007ffb6a5b0000 - 0x00007ffb6a776000 	C:\Windows\System32\USER32.dll
0x00007ffb686e0000 - 0x00007ffb68707000 	C:\Windows\System32\win32u.dll
0x00007ffb6ac50000 - 0x00007ffb6ac7b000 	C:\Windows\System32\GDI32.dll
0x00007ffb68450000 - 0x00007ffb68579000 	C:\Windows\System32\gdi32full.dll
0x00007ffb683a0000 - 0x00007ffb68443000 	C:\Windows\System32\msvcp_win.dll
0x00007ffaf68f0000 - 0x00007ffaf690e000 	c:\Users\Admin\.antigravity-ide\extensions\redhat.java-1.55.0-win32-x64\jre\21.0.11-win32-x86_64\bin\VCRUNTIME140.dll
0x00007ffb4d2b0000 - 0x00007ffb4d541000 	C:\Windows\WinSxS\amd64_microsoft.windows.common-controls_6595b64144ccf1df_6.0.26100.8972_none_3e0da176e32f9d4b\COMCTL32.dll
0x00007ffb68a50000 - 0x00007ffb68af9000 	C:\Windows\System32\msvcrt.dll
0x00007ffb68b00000 - 0x00007ffb68b32000 	C:\Windows\System32\IMM32.DLL
0x00007ffb56a60000 - 0x00007ffb56a6c000 	c:\Users\Admin\.antigravity-ide\extensions\redhat.java-1.55.0-win32-x64\jre\21.0.11-win32-x86_64\bin\vcruntime140_1.dll
0x00007ffa956a0000 - 0x00007ffa9572d000 	c:\Users\Admin\.antigravity-ide\extensions\redhat.java-1.55.0-win32-x64\jre\21.0.11-win32-x86_64\bin\msvcp140.dll
0x00007ffa94830000 - 0x00007ffa955d2000 	c:\Users\Admin\.antigravity-ide\extensions\redhat.java-1.55.0-win32-x64\jre\21.0.11-win32-x86_64\bin\server\jvm.dll
0x00007ffb6a930000 - 0x00007ffb6a9ec000 	C:\Windows\System32\ADVAPI32.dll
0x00007ffb69f00000 - 0x00007ffb69fa9000 	C:\Windows\System32\sechost.dll
0x00007ffb69360000 - 0x00007ffb69478000 	C:\Windows\System32\RPCRT4.dll
0x00007ffb6abc0000 - 0x00007ffb6ac42000 	C:\Windows\System32\WS2_32.dll
0x00007ffb67d30000 - 0x00007ffb67d8e000 	C:\Windows\SYSTEM32\POWRPROF.dll
0x00007ffb58180000 - 0x00007ffb581b6000 	C:\Windows\SYSTEM32\WINMM.dll
0x00007ffb60730000 - 0x00007ffb6073b000 	C:\Windows\SYSTEM32\VERSION.dll
0x00007ffb67d10000 - 0x00007ffb67d25000 	C:\Windows\SYSTEM32\UMPDC.dll
0x00007ffb66b80000 - 0x00007ffb66b9b000 	C:\Windows\SYSTEM32\kernel.appcore.dll
0x00007ffb280a0000 - 0x00007ffb280aa000 	c:\Users\Admin\.antigravity-ide\extensions\redhat.java-1.55.0-win32-x64\jre\21.0.11-win32-x86_64\bin\jimage.dll
0x00007ffb517b0000 - 0x00007ffb519f2000 	C:\Windows\SYSTEM32\DBGHELP.DLL
0x00007ffb6a220000 - 0x00007ffb6a5a5000 	C:\Windows\System32\combase.dll
0x00007ffb695a0000 - 0x00007ffb69679000 	C:\Windows\System32\OLEAUT32.dll
0x00007ffb586c0000 - 0x00007ffb586fb000 	C:\Windows\SYSTEM32\dbgcore.DLL
0x00007ffb67ed0000 - 0x00007ffb67f7c000 	C:\Windows\System32\bcryptPrimitives.dll
0x00007ffb27e90000 - 0x00007ffb27e9f000 	c:\Users\Admin\.antigravity-ide\extensions\redhat.java-1.55.0-win32-x64\jre\21.0.11-win32-x86_64\bin\instrument.dll
0x00007ffa94630000 - 0x00007ffa94650000 	c:\Users\Admin\.antigravity-ide\extensions\redhat.java-1.55.0-win32-x64\jre\21.0.11-win32-x86_64\bin\java.dll
0x00007ffb69680000 - 0x00007ffb69e08000 	C:\Windows\System32\SHELL32.dll
0x00007ffb65960000 - 0x00007ffb661fb000 	C:\Windows\SYSTEM32\windows.storage.dll
0x00007ffb68b40000 - 0x00007ffb68c39000 	C:\Windows\System32\SHCORE.dll
0x00007ffb69fc0000 - 0x00007ffb6a026000 	C:\Windows\System32\shlwapi.dll
0x00007ffb67df0000 - 0x00007ffb67e19000 	C:\Windows\SYSTEM32\profapi.dll
0x00007ffadefc0000 - 0x00007ffadefd8000 	c:\Users\Admin\.antigravity-ide\extensions\redhat.java-1.55.0-win32-x64\jre\21.0.11-win32-x86_64\bin\zip.dll
0x00007ffb26030000 - 0x00007ffb26040000 	C:\Users\Admin\.antigravity-ide\extensions\redhat.java-1.55.0-win32-x64\jre\21.0.11-win32-x86_64\bin\net.dll
0x00007ffb5f990000 - 0x00007ffb5fab7000 	C:\Windows\SYSTEM32\WINHTTP.dll
0x00007ffb67110000 - 0x00007ffb6717c000 	C:\Windows\system32\mswsock.dll
0x00007ffa95680000 - 0x00007ffa95696000 	C:\Users\Admin\.antigravity-ide\extensions\redhat.java-1.55.0-win32-x64\jre\21.0.11-win32-x86_64\bin\nio.dll
0x00007ffb25fd0000 - 0x00007ffb25fe0000 	c:\Users\Admin\.antigravity-ide\extensions\redhat.java-1.55.0-win32-x64\jre\21.0.11-win32-x86_64\bin\verify.dll
0x00007ffa947e0000 - 0x00007ffa94825000 	C:\Users\Admin\AppData\Roaming\Antigravity IDE\User\globalStorage\redhat.java\1.55.0\config_win\org.eclipse.equinox.launcher\org.eclipse.equinox.launcher.win32.win32.x86_64_1.3.100.v20260613-0559\eclipse_11924.dll
0x00007ffb6a030000 - 0x00007ffb6a1c9000 	C:\Windows\System32\ole32.dll
0x00007ffb56c20000 - 0x00007ffb56c2a000 	C:\Users\Admin\.antigravity-ide\extensions\redhat.java-1.55.0-win32-x64\jre\21.0.11-win32-x86_64\bin\management.dll
0x00007ffb569e0000 - 0x00007ffb569ec000 	C:\Users\Admin\.antigravity-ide\extensions\redhat.java-1.55.0-win32-x64\jre\21.0.11-win32-x86_64\bin\management_ext.dll
0x00007ffb6a920000 - 0x00007ffb6a928000 	C:\Windows\System32\PSAPI.DLL
0x00007ffb67530000 - 0x00007ffb6754b000 	C:\Windows\SYSTEM32\CRYPTSP.dll
0x00007ffb66ae0000 - 0x00007ffb66b19000 	C:\Windows\system32\rsaenh.dll
0x00007ffb671c0000 - 0x00007ffb671f2000 	C:\Windows\SYSTEM32\USERENV.dll
0x00007ffb67dc0000 - 0x00007ffb67dea000 	C:\Windows\SYSTEM32\bcrypt.dll
0x00007ffb67370000 - 0x00007ffb6737c000 	C:\Windows\SYSTEM32\CRYPTBASE.dll
0x00007ffb66580000 - 0x00007ffb665b3000 	C:\Windows\SYSTEM32\IPHLPAPI.DLL
0x00007ffb69fb0000 - 0x00007ffb69fba000 	C:\Windows\System32\NSI.dll
0x00007ffb2fd70000 - 0x00007ffb2fdb9000 	C:\Users\Admin\AppData\Local\Temp\jna-63116079\jna17195476659659420882.dll
0x00007ffb60740000 - 0x00007ffb6075d000 	C:\Windows\SYSTEM32\dhcpcsvc6.DLL
0x00007ffb60350000 - 0x00007ffb60375000 	C:\Windows\SYSTEM32\dhcpcsvc.DLL
0x00007ffb56b20000 - 0x00007ffb56b2e000 	C:\Users\Admin\.antigravity-ide\extensions\redhat.java-1.55.0-win32-x64\jre\21.0.11-win32-x86_64\bin\sunmscapi.dll
0x00007ffb68710000 - 0x00007ffb6888e000 	C:\Windows\System32\CRYPT32.dll
0x00007ffb676a0000 - 0x00007ffb676d0000 	C:\Windows\SYSTEM32\ncrypt.dll
0x00007ffb67650000 - 0x00007ffb6768f000 	C:\Windows\SYSTEM32\NTASN1.dll
0x00007ffb66620000 - 0x00007ffb66778000 	C:\Windows\SYSTEM32\DNSAPI.dll
0x00007ffb66f10000 - 0x00007ffb66f1d000 	C:\Windows\SYSTEM32\DSPARSE.dll
0x00007ffb59ce0000 - 0x00007ffb59ceb000 	C:\Windows\System32\rasadhlp.dll
0x00007ffb5b4c0000 - 0x00007ffb5b546000 	C:\Windows\System32\fwpuclnt.dll
0x00007ffb55d50000 - 0x00007ffb55d59000 	C:\Users\Admin\.antigravity-ide\extensions\redhat.java-1.55.0-win32-x64\jre\21.0.11-win32-x86_64\bin\extnet.dll
0x00007ffb62cf0000 - 0x00007ffb62cf8000 	C:\Windows\system32\wshunix.dll
0x00007ffb66cb0000 - 0x00007ffb66ce6000 	C:\Windows\SYSTEM32\ntmarta.dll

JVMTI agents:
c:\Users\Admin\.antigravity-ide\extensions\redhat.java-1.55.0-win32-x64\lombok\lombok-1.18.39-4050.jar path:c:\Users\Admin\.antigravity-ide\extensions\redhat.java-1.55.0-win32-x64\jre\21.0.11-win32-x86_64\bin\instrument.dll, loaded, initialized, instrumentlib options:none

dbghelp: loaded successfully - version: 4.0.5 - missing functions: none
symbol engine: initialized successfully - sym options: 0x614 - pdb path: .;c:\Users\Admin\.antigravity-ide\extensions\redhat.java-1.55.0-win32-x64\jre\21.0.11-win32-x86_64\bin;C:\Windows\SYSTEM32;C:\Windows\WinSxS\amd64_microsoft.windows.common-controls_6595b64144ccf1df_6.0.26100.8972_none_3e0da176e32f9d4b;c:\Users\Admin\.antigravity-ide\extensions\redhat.java-1.55.0-win32-x64\jre\21.0.11-win32-x86_64\bin\server;C:\Users\Admin\AppData\Roaming\Antigravity IDE\User\globalStorage\redhat.java\1.55.0\config_win\org.eclipse.equinox.launcher\org.eclipse.equinox.launcher.win32.win32.x86_64_1.3.100.v20260613-0559;C:\Users\Admin\AppData\Local\Temp\jna-63116079

VM Arguments:
jvm_args: --add-modules=ALL-SYSTEM --add-opens=java.base/java.util=ALL-UNNAMED --add-opens=java.base/java.lang=ALL-UNNAMED --add-opens=java.base/sun.nio.fs=ALL-UNNAMED -Declipse.application=org.eclipse.jdt.ls.core.id1 -Dosgi.bundles.defaultStartLevel=4 -Declipse.product=org.eclipse.jdt.ls.core.product -Djava.import.generatesMetadataFilesAtProjectRoot=false -DDetectVMInstallationsJob.disabled=true -Dfile.encoding=utf8 -XX:+UseParallelGC -XX:GCTimeRatio=4 -XX:AdaptiveSizePolicyWeight=90 -Dsun.zip.disableMemoryMapping=true -Xmx2G -Xms100m -Xlog:disable -javaagent:c:\Users\Admin\.antigravity-ide\extensions\redhat.java-1.55.0-win32-x64\lombok\lombok-1.18.39-4050.jar -XX:+HeapDumpOnOutOfMemoryError -XX:HeapDumpPath=c:\Users\Admin\AppData\Roaming\Antigravity IDE\User\workspaceStorage\4a753dd289394536b7dedb2c65885b36\redhat.java -Daether.dependencyCollector.impl=bf 
java_command: c:\Users\Admin\.antigravity-ide\extensions\redhat.java-1.55.0-win32-x64\server\plugins\org.eclipse.equinox.launcher_1.7.200.v20260619-2039.jar -configuration c:\Users\Admin\AppData\Roaming\Antigravity IDE\User\globalStorage\redhat.java\1.55.0\config_win -data c:\Users\Admin\AppData\Roaming\Antigravity IDE\User\workspaceStorage\4a753dd289394536b7dedb2c65885b36\redhat.java\jdt_ws --pipe=\\.\pipe\lsp-28bc3ff6caa2d33628532bf6d0e9b476-sock
java_class_path (initial): c:\Users\Admin\.antigravity-ide\extensions\redhat.java-1.55.0-win32-x64\server\plugins\org.eclipse.equinox.launcher_1.7.200.v20260619-2039.jar
Launcher Type: SUN_STANDARD

[Global flags]
    uintx AdaptiveSizePolicyWeight                 = 90                                        {product} {command line}
     intx CICompilerCount                          = 4                                         {product} {ergonomic}
    uintx GCTimeRatio                              = 4                                         {product} {command line}
     bool HeapDumpOnOutOfMemoryError               = true                                   {manageable} {command line}
    ccstr HeapDumpPath                             = c:\Users\Admin\AppData\Roaming\Antigravity IDE\User\workspaceStorage\4a753dd289394536b7dedb2c65885b36\redhat.java         {manageable} {command line}
   size_t InitialHeapSize                          = 104857600                                 {product} {command line}
   size_t MaxHeapSize                              = 2147483648                                {product} {command line}
   size_t MaxNewSize                               = 715653120                                 {product} {ergonomic}
   size_t MinHeapDeltaBytes                        = 524288                                    {product} {ergonomic}
   size_t MinHeapSize                              = 104857600                                 {product} {command line}
   size_t NewSize                                  = 34603008                                  {product} {ergonomic}
    uintx NonNMethodCodeHeapSize                   = 5839372                                {pd product} {ergonomic}
    uintx NonProfiledCodeHeapSize                  = 122909434                              {pd product} {ergonomic}
   size_t OldSize                                  = 70254592                                  {product} {ergonomic}
    uintx ProfiledCodeHeapSize                     = 122909434                              {pd product} {ergonomic}
    uintx ReservedCodeCacheSize                    = 251658240                              {pd product} {ergonomic}
     bool SegmentedCodeCache                       = true                                      {product} {ergonomic}
   size_t SoftMaxHeapSize                          = 2147483648                             {manageable} {ergonomic}
     bool UseCompressedOops                        = true                           {product lp64_product} {ergonomic}
     bool UseLargePagesIndividualAllocation        = false                                  {pd product} {ergonomic}
     bool UseParallelGC                            = true                                      {product} {command line}

Logging:
Log output configuration:
 #0: stdout all=off uptime,level,tags foldmultilines=false
 #1: stderr all=off uptime,level,tags foldmultilines=false

Release file:
JAVA_VERSION="21.0.11" 
MODULES="java.base java.compiler java.datatransfer java.xml java.prefs java.desktop java.instrument java.logging java.management java.security.sasl java.naming java.rmi java.management.rmi java.net.http java.scripting java.security.jgss java.transaction.xa java.sql java.sql.rowset java.xml.crypto java.se java.smartcardio jdk.accessibility jdk.internal.jvmstat jdk.attach jdk.charsets jdk.internal.opt jdk.zipfs jdk.compiler jdk.crypto.ec jdk.crypto.cryptoki jdk.crypto.mscapi jdk.dynalink jdk.internal.ed jdk.editpad jdk.hotspot.agent jdk.httpserver jdk.internal.le jdk.internal.vm.ci jdk.internal.vm.compiler jdk.internal.vm.compiler.management jdk.jartool jdk.javadoc jdk.jcmd jdk.management jdk.management.agent jdk.jconsole jdk.jdeps jdk.jdwp.agent jdk.jdi jdk.jfr jdk.jshell jdk.jsobject jdk.jstatd jdk.localedata jdk.management.jfr jdk.naming.dns jdk.naming.rmi jdk.net jdk.nio.mapmode jdk.random jdk.sctp jdk.security.auth jdk.security.jgss jdk.unsupported jdk.unsupported.desktop jdk.xml.dom" 

Environment Variables:
JAVA_HOME=C:\Program Files\Java\jdk-17
PATH=C:\Program Files\Common Files\Oracle\Java\javapath;C:\Windows\system32;C:\Windows;C:\Windows\System32\Wbem;C:\Windows\System32\WindowsPowerShell\v1.0\;C:\Windows\System32\OpenSSH\;C:\Program Files\nodejs\;C:\Program Files\Docker\Docker\resources\bin;C:\Program Files\Git\cmd;C:\Program Files\Java\jdk-17\bin;C:\Program Files\GitHub CLI\;C:\Program Files\MySQL\MySQL Shell 8.0\bin\;C:\Users\Admin\AppData\Local\Microsoft\WindowsApps;C:\Users\Admin\AppData\Roaming\npm;C:\Users\Admin\AppData\Local\Programs\Microsoft VS Code\bin;C:\Users\Admin\AppData\Local\Programs\Antigravity\bin;C:\Users\Admin\AppData\Local\Programs\Antigravity IDE\bin;C:\Users\Admin\AppData\Local\Programs\cursor\resources\app\bin;C:\Users\Admin\AppData\Local\Programs\Kiro\bin;C:\Users\Admin\AppData\Local\Programs\Devin\bin
USERNAME=Admin
OS=Windows_NT
PROCESSOR_IDENTIFIER=Intel64 Family 6 Model 142 Stepping 12, GenuineIntel
TMP=C:\Users\Admin\AppData\Local\Temp
TEMP=C:\Users\Admin\AppData\Local\Temp




Periodic native trim disabled

---------------  S Y S T E M  ---------------

OS:
 Windows 11 , 64 bit Build 26100 (10.0.26100.8972)
OS uptime: 4 days 4:34 hours
Hyper-V role detected

CPU: total 8 (initial active 8) (4 cores per cpu, 2 threads per core) family 6 model 142 stepping 12 microcode 0x100, cx8, cmov, fxsr, ht, mmx, 3dnowpref, sse, sse2, sse3, ssse3, sse4.1, sse4.2, popcnt, lzcnt, tsc, tscinvbit, avx, avx2, aes, erms, clmul, bmi1, bmi2, adx, fma, vzeroupper, clflush, clflushopt, hv, rdtscp, f16c
Processor Information for the first 8 processors :
  Max Mhz: 2112, Current Mhz: 804, Mhz Limit: 802

Memory: 4k page, system-wide physical 7941M (381M free)
TotalPageFile size 32517M (AvailPageFile size 0M)
current process WorkingSet (physical memory assigned to process): 72M, peak: 1163M
current process commit charge ("private bytes"): 1147M, peak: 1811M

vm_info: OpenJDK 64-Bit Server VM (21.0.11+10-LTS) for windows-amd64 JRE (21.0.11+10-LTS), built on 2026-04-21T00:00:00Z by "admin" with MS VC++ 17.12 (VS2022)

END.
